Component: ARM Compiler 5.06 update 5 (build 528) Tool: armlink [4d35e2]

==============================================================================

Section Cross References

    main.o(i.Alarm_function) refers to main.o(.data) for system_state
    main.o(i.Bluetooth_Run) refers to oled.o(i.Oled_Clear_All) for Oled_Clear_All
    main.o(i.Bluetooth_Run) refers to faddsub_clz.o(x$fpl$fadd) for __aeabi_fadd
    main.o(i.Bluetooth_Run) refers to faddsub_clz.o(x$fpl$fsub) for __aeabi_fsub
    main.o(i.Bluetooth_Run) refers to main.o(.data) for work_mode
    main.o(i.Display_function) refers to _printf_percent.o(.ARM.Collect$$_printf_percent$$00000000) for _printf_percent
    main.o(i.Display_function) refers to _printf_f.o(.ARM.Collect$$_printf_percent$$00000003) for _printf_f
    main.o(i.Display_function) refers to printf1.o(x$fpl$printf1) for _printf_fp_dec
    main.o(i.Display_function) refers to _printf_pad.o(.text) for _printf_pre_padding
    main.o(i.Display_function) refers to _printf_d.o(.ARM.Collect$$_printf_percent$$00000009) for _printf_d
    main.o(i.Display_function) refers to _printf_dec.o(.text) for _printf_int_dec
    main.o(i.Display_function) refers to oled.o(i.Oled_Clear_All) for Oled_Clear_All
    main.o(i.Display_function) refers to oled.o(i.Oled_ShowCHinese) for Oled_ShowCHinese
    main.o(i.Display_function) refers to f2d.o(x$fpl$f2d) for __aeabi_f2d
    main.o(i.Display_function) refers to __2sprintf.o(.text) for __2sprintf
    main.o(i.Display_function) refers to oled.o(i.Oled_ShowString) for Oled_ShowString
    main.o(i.Display_function) refers to fflt_clz.o(x$fpl$fflt) for __aeabi_i2f
    main.o(i.Display_function) refers to fdiv.o(x$fpl$fdiv) for __aeabi_fdiv
    main.o(i.Display_function) refers to frleqf.o(x$fpl$frleqf) for __aeabi_cfrcmple
    main.o(i.Display_function) refers to fleqf.o(x$fpl$fleqf) for __aeabi_cfcmple
    main.o(i.Display_function) refers to main.o(.data) for alarm_temp
    main.o(i.Display_function) refers to main.o(.bss) for display_buf
    main.o(i.Key_function) refers to key.o(i.Chiclet_Keyboard_Scan) for Chiclet_Keyboard_Scan
    main.o(i.Key_function) refers to oled.o(i.Oled_Clear_All) for Oled_Clear_All
    main.o(i.Key_function) refers to faddsub_clz.o(x$fpl$fadd) for __aeabi_fadd
    main.o(i.Key_function) refers to faddsub_clz.o(x$fpl$fsub) for __aeabi_fsub
    main.o(i.Key_function) refers to main.o(.data) for key_num
    main.o(i.Monitor_function) refers to ds18b20.o(i.DS18B20_Get_Temp) for DS18B20_Get_Temp
    main.o(i.Monitor_function) refers to max30102.o(i.get_real_spo2) for get_real_spo2
    main.o(i.Monitor_function) refers to max30102.o(i.get_real_heart_rate) for get_real_heart_rate
    main.o(i.Monitor_function) refers to fflt_clz.o(x$fpl$fflt) for __aeabi_i2f
    main.o(i.Monitor_function) refers to fdiv.o(x$fpl$fdiv) for __aeabi_fdiv
    main.o(i.Monitor_function) refers to frleqf.o(x$fpl$frleqf) for __aeabi_cfrcmple
    main.o(i.Monitor_function) refers to fleqf.o(x$fpl$fleqf) for __aeabi_cfcmple
    main.o(i.Monitor_function) refers to usart.o(i.UsartPrintf) for UsartPrintf
    main.o(i.Monitor_function) refers to f2d.o(x$fpl$f2d) for __aeabi_f2d
    main.o(i.Monitor_function) refers to usart.o(i.USART1_WaitRecive) for USART1_WaitRecive
    main.o(i.Monitor_function) refers to strstr.o(.text) for strstr
    main.o(i.Monitor_function) refers to oled.o(i.Oled_Clear_All) for Oled_Clear_All
    main.o(i.Monitor_function) refers to main.o(i.Bluetooth_Run) for Bluetooth_Run
    main.o(i.Monitor_function) refers to usart.o(i.USART1_Clear) for USART1_Clear
    main.o(i.Monitor_function) refers to main.o(.data) for time_num
    main.o(i.Monitor_function) refers to usart.o(.bss) for usart1_buf
    main.o(i.main) refers to misc.o(i.NVIC_PriorityGroupConfig) for NVIC_PriorityGroupConfig
    main.o(i.main) refers to delay.o(i.Delay_Init) for Delay_Init
    main.o(i.main) refers to gpio.o(i.Gpio_Init) for Gpio_Init
    main.o(i.main) refers to key.o(i.Key_Init) for Key_Init
    main.o(i.main) refers to oled.o(i.Oled_Init) for Oled_Init
    main.o(i.main) refers to oled.o(i.Oled_Clear_All) for Oled_Clear_All
    main.o(i.main) refers to usart.o(i.Usart1_Init) for Usart1_Init
    main.o(i.main) refers to timer.o(i.TIM2_Init) for TIM2_Init
    main.o(i.main) refers to ds18b20.o(i.DS18B20_Init) for DS18B20_Init
    main.o(i.main) refers to max30102.o(i.max30102_init) for max30102_init
    main.o(i.main) refers to ds18b20.o(i.DS18B20_Get_Temp) for DS18B20_Get_Temp
    main.o(i.main) refers to max30102.o(i.get_real_spo2) for get_real_spo2
    main.o(i.main) refers to max30102.o(i.get_real_heart_rate) for get_real_heart_rate
    main.o(i.main) refers to main.o(i.Key_function) for Key_function
    main.o(i.main) refers to main.o(i.Monitor_function) for Monitor_function
    main.o(i.main) refers to main.o(i.Alarm_function) for Alarm_function
    main.o(i.main) refers to main.o(i.Display_function) for Display_function
[...]
    i.SVC_Handler                            0x08003698   Section        0  stm32f10x_it.o(i.SVC_Handler)
    i.SetSysClock                            0x0800369a   Section        0  system_stm32f10x.o(i.SetSysClock)
    SetSysClock                              0x0800369b   Thumb Code     8  system_stm32f10x.o(i.SetSysClock)
    i.SetSysClockTo72                        0x080036a4   Section        0  system_stm32f10x.o(i.SetSysClockTo72)
    SetSysClockTo72                          0x080036a5   Thumb Code   214  system_stm32f10x.o(i.SetSysClockTo72)
    i.SysTick_CLKSourceConfig                0x08003784   Section        0  misc.o(i.SysTick_CLKSourceConfig)
    i.SysTick_Handler                        0x080037ac   Section        0  stm32f10x_it.o(i.SysTick_Handler)
    i.SystemInit                             0x080037b0   Section        0  system_stm32f10x.o(i.SystemInit)
    i.TIM2_IRQHandler                        0x08003810   Section        0  timer.o(i.TIM2_IRQHandler)
    i.TIM2_Init                              0x080038dc   Section        0  timer.o(i.TIM2_Init)
    i.TIM_ClearITPendingBit                  0x08003938   Section        0  stm32f10x_tim.o(i.TIM_ClearITPendingBit)
    i.TIM_Cmd                                0x0800393e   Section        0  stm32f10x_tim.o(i.TIM_Cmd)
    i.TIM_GetITStatus                        0x08003956   Section        0  stm32f10x_tim.o(i.TIM_GetITStatus)
    i.TIM_ITConfig                           0x08003978   Section        0  stm32f10x_tim.o(i.TIM_ITConfig)
    i.TIM_TimeBaseInit                       0x0800398c   Section        0  stm32f10x_tim.o(i.TIM_TimeBaseInit)
    i.USART1_Clear                           0x08003a30   Section        0  usart.o(i.USART1_Clear)
    i.USART1_IRQHandler                      0x08003a4c   Section        0  usart.o(i.USART1_IRQHandler)
    i.USART1_WaitRecive                      0x08003a98   Section        0  usart.o(i.USART1_WaitRecive)
    i.USART2_IRQHandler                      0x08003acc   Section        0  usart.o(i.USART2_IRQHandler)
    i.USART_ClearFlag                        0x08003b18   Section        0  stm32f10x_usart.o(i.USART_ClearFlag)
    i.USART_Cmd                              0x08003b2a   Section        0  stm32f10x_usart.o(i.USART_Cmd)
    i.USART_GetFlagStatus                    0x08003b42   Section        0  stm32f10x_usart.o(i.USART_GetFlagStatus)
    i.USART_GetITStatus                      0x08003b5c   Section        0  stm32f10x_usart.o(i.USART_GetITStatus)
    i.USART_ITConfig                         0x08003bb0   Section        0  stm32f10x_usart.o(i.USART_ITConfig)
    i.USART_Init                             0x08003bfc   Section        0  stm32f10x_usart.o(i.USART_Init)
    i.USART_SendData                         0x08003cd4   Section        0  stm32f10x_usart.o(i.USART_SendData)
    i.UsageFault_Handler                     0x08003cdc   Section        0  stm32f10x_it.o(i.UsageFault_Handler)
    i.Usart1_Init                            0x08003ce0   Section        0  usart.o(i.Usart1_Init)
    i.UsartPrintf                            0x08003d90   Section        0  usart.o(i.UsartPrintf)
    i.__ARM_fpclassify                       0x08003dd8   Section        0  fpclassify.o(i.__ARM_fpclassify)
    i._is_digit                              0x08003e00   Section        0  __printf_wp.o(i._is_digit)
    i.compute_hr_and_spo2                    0x08003e10   Section        0  max30102.o(i.compute_hr_and_spo2)
    compute_hr_and_spo2                      0x08003e11   Thumb Code   462  max30102.o(i.compute_hr_and_spo2)
    i.get_real_heart_rate                    0x0800400c   Section        0  max30102.o(i.get_real_heart_rate)
    i.get_real_spo2                          0x0800401c   Section        0  max30102.o(i.get_real_spo2)
    i.main                                   0x0800402c   Section        0  main.o(i.main)
    i.max30102_fifo_pending                  0x080040c4   Section        0  max30102.o(i.max30102_fifo_pending)
    max30102_fifo_pending                    0x080040c5   Thumb Code    26  max30102.o(i.max30102_fifo_pending)
    i.max30102_init                          0x080040de   Section        0  max30102.o(i.max30102_init)
    i.max30102_read_one_sample               0x0800414c   Section        0  max30102.o(i.max30102_read_one_sample)
    max30102_read_one_sample                 0x0800414d   Thumb Code    68  max30102.o(i.max30102_read_one_sample)
    i.max30102_update                        0x08004190   Section        0  max30102.o(i.max30102_update)
    locale$$code                             0x08004228   Section       44  lc_numeric_c.o(locale$$code)
    locale$$code                             0x08004254   Section       44  lc_ctype_c.o(locale$$code)
    x$fpl$dfix                               0x08004280   Section       94  dfix.o(x$fpl$dfix)
    x$fpl$dmul                               0x080042e0   Section      340  dmul.o(x$fpl$dmul)
    x$fpl$dnaninf                            0x08004434   Section      156  dnaninf.o(x$fpl$dnaninf)
    x$fpl$dretinf                            0x080044d0   Section       12  dretinf.o(x$fpl$dretinf)
    x$fpl$f2d                                0x080044dc   Section       86  f2d.o(x$fpl$f2d)
    x$fpl$fadd                               0x08004534   Section      196  faddsub_clz.o(x$fpl$fadd)
    _fadd1                                   0x08004543   Thumb Code     0  faddsub_clz.o(x$fpl$fadd)
    x$fpl$fcmpinf                            0x080045f8   Section       24  fcmpi.o(x$fpl$fcmpinf)
    x$fpl$fdiv                               0x08004610   Section      388  fdiv.o(x$fpl$fdiv)
    _fdiv1                                   0x08004611   Thumb Code     0  fdiv.o(x$fpl$fdiv)
    x$fpl$ffixu                              0x08004794   Section       62  ffixu.o(x$fpl$ffixu)
    x$fpl$fflt                               0x080047d4   Section       48  fflt_clz.o(x$fpl$fflt)
    x$fpl$ffltu                              0x08004804   Section       38  fflt_clz.o(x$fpl$ffltu)
    x$fpl$fleqf                              0x0800482c   Section      104  fleqf.o(x$fpl$fleqf)
    x$fpl$fmul                               0x08004894   Section      258  fmul.o(x$fpl$fmul)
    x$fpl$fnaninf                            0x08004996   Section      140  fnaninf.o(x$fpl$fnaninf)
    x$fpl$fretinf                            0x08004a22   Section       10  fretinf.o(x$fpl$fretinf)
    x$fpl$frleqf                             0x08004a2c   Section       98  frleqf.o(x$fpl$frleqf)
    x$fpl$fsub                               0x08004a90   Section      234  faddsub_clz.o(x$fpl$fsub)
    _fsub1                                   0x08004a9f   Thumb Code     0  faddsub_clz.o(x$fpl$fsub)
    x$fpl$printf1                            0x08004b7a   Section        4  printf1.o(x$fpl$printf1)
    .constdata                               0x08004b7e   Section     2642  oled.o(.constdata)
    x$fpl$usenofp                            0x08004b7e   Section        0  usenofp.o(x$fpl$usenofp)
    .constdata                               0x080055d0   Section       17  __printf_flags_ss_wp.o(.constdata)
    maptable                                 0x080055d0   Data          17  __printf_flags_ss_wp.o(.constdata)
    .constdata                               0x080055e4   Section        8  _printf_wctomb.o(.constdata)
    initial_mbstate                          0x080055e4   Data           8  _printf_wctomb.o(.constdata)
    .constdata                               0x080055ec   Section       40  _printf_hex_int_ll_ptr.o(.constdata)
    uc_hextab                                0x080055ec   Data          20  _printf_hex_int_ll_ptr.o(.constdata)
    lc_hextab                                0x08005600   Data          20  _printf_hex_int_ll_ptr.o(.constdata)
    .constdata                               0x08005614   Section      148  bigflt0.o(.constdata)
    tenpwrs_x                                0x08005614   Data          60  bigflt0.o(.constdata)
    tenpwrs_i                                0x08005650   Data          64  bigflt0.o(.constdata)
    locale$$data                             0x080056c8   Section       28  lc_numeric_c.o(locale$$data)
    __lcnum_c_name                           0x080056cc   Data           2  lc_numeric_c.o(locale$$data)
    __lcnum_c_start                          0x080056d4   Data           0  lc_numeric_c.o(locale$$data)
    __lcnum_c_point                          0x080056e0   Data           0  lc_numeric_c.o(locale$$data)
    __lcnum_c_thousands                      0x080056e2   Data           0  lc_numeric_c.o(locale$$data)
    __lcnum_c_grouping                       0x080056e3   Data           0  lc_numeric_c.o(locale$$data)
    locale$$data                             0x080056e4   Section      272  lc_ctype_c.o(locale$$data)
    __lcnum_c_end                            0x080056e4   Data           0  lc_numeric_c.o(locale$$data)
    __lcctype_c_name                         0x080056e8   Data           2  lc_ctype_c.o(locale$$data)
    __lcctype_c_start                        0x080056f0   Data           0  lc_ctype_c.o(locale$$data)
    __lcctype_c_end                          0x080057f4   Data           0  lc_ctype_c.o(locale$$data)
    .data                                    0x20000000   Section       43  main.o(.data)
    normal_first                             0x20000028   Data           1  main.o(.data)
    last_set_page                            0x20000029   Data           1  main.o(.data)
    last_sys_state                           0x2000002a   Data           1  main.o(.data)
    .data                                    0x2000002c   Section       20  system_stm32f10x.o(.data)
    .data                                    0x20000040   Section        1  key.o(.data)
    key_up                                   0x20000040   Data           1  key.o(.data)
    .data                                    0x20000042   Section       12  timer.o(.data)
    time_value_2s                            0x20000048   Data           2  timer.o(.data)
    pwm_count                                0x2000004a   Data           2  timer.o(.data)
    time_value_1s                            0x2000004c   Data           2  timer.o(.data)
    .data                                    0x2000004e   Section        8  max30102.o(.data)
    buf_head                                 0x2000004e   Data           2  max30102.o(.data)
    buf_count                                0x20000050   Data           2  max30102.o(.data)
    samples_since_compute                    0x20000052   Data           2  max30102.o(.data)
    real_hr                                  0x20000054   Data           1  max30102.o(.data)
    real_spo2                                0x20000055   Data           1  max30102.o(.data)
    .data                                    0x20000056   Section        4  delay.o(.data)
    fac_us                                   0x20000056   Data           1  delay.o(.data)
    fac_ms                                   0x20000058   Data           2  delay.o(.data)
    .data                                    0x2000005a   Section        8  usart.o(.data)
    .data                                    0x20000062   Section       20  stm32f10x_rcc.o(.data)
    APBAHBPrescTable                         0x20000062   Data          16  stm32f10x_rcc.o(.data)
    ADCPrescTable                            0x20000072   Data           4  stm32f10x_rcc.o(.data)
    .bss                                     0x20000078   Section       32  main.o(.bss)
    .bss                                     0x20000098   Section      800  max30102.o(.bss)
    ir_buf                                   0x20000098   Data         400  max30102.o(.bss)
    red_buf                                  0x20000228   Data         400  max30102.o(.bss)
    .bss                                     0x200003b8   Section      512  usart.o(.bss)
    .bss                                     0x200005b8   Section       96  libspace.o(.bss)
    HEAP                                     0x20000618   Section      512  startup_stm32f10x_md.o(HEAP)
    Heap_Mem                                 0x20000618   Data         512  startup_stm32f10x_md.o(HEAP)
    STACK                                    0x20000818   Section     1024  startup_stm32f10x_md.o(STACK)
    Stack_Mem                                0x20000818   Data        1024  startup_stm32f10x_md.o(STACK)
    __initial_sp                             0x20000c18   Data           0  startup_stm32f10x_md.o(STACK)

    Global Symbols

    Symbol Name                              Value     Ov Type        Size  Object(Section)

    BuildAttributes$$THM_ISAv4$P$D$K$B$S$PE$A:L22UL41UL21$X:L11$S22US41US21$IEEE1$IW$USESV6$~STKCKD$USESV7$~SHL$OTIME$ROPI$IEEEJ$EBA8$UX$STANDARDLIB$REQ8$PRES8$EABIv2 0x00000000   Number         0  anon$$obj.o ABSOLUTE
    __ARM_use_no_argv                        0x00000000   Number         0  main.o ABSOLUTE
    _printf_flags                            0x00000000   Number         0  printf_stubs.o ABSOLUTE
    _printf_return_value                     0x00000000   Number         0  printf_stubs.o ABSOLUTE
    _printf_sizespec                         0x00000000   Number         0  printf_stubs.o ABSOLUTE
    _printf_widthprec                        0x00000000   Number         0  printf_stubs.o ABSOLUTE
    __ARM_exceptions_init                     - Undefined Weak Reference
    __alloca_initialize                       - Undefined Weak Reference
    __arm_preinit_                            - Undefined Weak Reference
    __cpp_initialize__aeabi_                  - Undefined Weak Reference
    __cxa_finalize                            - Undefined Weak Reference
    __sigvec_lookup                           - Undefined Weak Reference
    _atexit_init                              - Undefined Weak Reference
    _call_atexit_fns                          - Undefined Weak Reference
    _clock_init                               - Undefined Weak Reference
    _fp_trap_init                             - Undefined Weak Reference
    _fp_trap_shutdown                         - Undefined Weak Reference
    _get_lc_collate                           - Undefined Weak Reference
    _get_lc_monetary                          - Undefined Weak Reference
    _get_lc_time                              - Undefined Weak Reference
    _getenv_init                              - Undefined Weak Reference
    _handle_redirection                       - Undefined Weak Reference
    _init_alloc                               - Undefined Weak Reference
    _init_user_alloc                          - Undefined Weak Reference
    _initio                                   - Undefined Weak Reference
    _printf_fp_hex                            - Undefined Weak Reference
    _printf_mbtowc                            - Undefined Weak Reference
    _printf_wc                                - Undefined Weak Reference
    _rand_init                                - Undefined Weak Reference
    _signal_finish                            - Undefined Weak Reference
    _signal_init                              - Undefined Weak Reference
    _terminate_alloc                          - Undefined Weak Reference
    _terminate_user_alloc                     - Undefined Weak Reference
    _terminateio                              - Undefined Weak Reference
    __Vectors_Size                           0x000000ec   Number         0  startup_stm32f10x_md.o ABSOLUTE
    __Vectors                                0x08000000   Data           4  startup_stm32f10x_md.o(RESET)
    __Vectors_End                            0x080000ec   Data           0  startup_stm32f10x_md.o(RESET)
    __main                                   0x080000ed   Thumb Code     8  __main.o(!!!main)
    __scatterload                            0x080000f5   Thumb Code     0  __scatter.o(!!!scatter)
    __scatterload_rt2                        0x080000f5   Thumb Code    44  __scatter.o(!!!scatter)
    __scatterload_rt2_thumb_only             0x080000f5   Thumb Code     0  __scatter.o(!!!scatter)
    __scatterload_null                       0x08000103   Thumb Code     0  __scatter.o(!!!scatter)
    __scatterload_copy                       0x08000129   Thumb Code    26  __scatter_copy.o(!!handler_copy)
    __scatterload_zeroinit                   0x08000145   Thumb Code    28  __scatter_zi.o(!!handler_zi)
    _printf_n                                0x08000161   Thumb Code     0  _printf_n.o(.ARM.Collect$$_printf_percent$$00000001)
    _printf_percent                          0x08000161   Thumb Code     0  _printf_percent.o(.ARM.Collect$$_printf_percent$$00000000)
    _printf_p                                0x08000167   Thumb Code     0  _printf_p.o(.ARM.Collect$$_printf_percent$$00000002)
    _printf_f                                0x0800016d   Thumb Code     0  _printf_f.o(.ARM.Collect$$_printf_percent$$00000003)
    _printf_e                                0x08000173   Thumb Code     0  _printf_e.o(.ARM.Collect$$_printf_percent$$00000004)
    _printf_g                                0x08000179   Thumb Code     0  _printf_g.o(.ARM.Collect$$_printf_percent$$00000005)
    _printf_a                                0x0800017f   Thumb Code     0  _printf_a.o(.ARM.Collect$$_printf_percent$$00000006)
    _printf_ll                               0x08000185   Thumb Code     0  _printf_ll.o(.ARM.Collect$$_printf_percent$$00000007)
    _printf_i                                0x0800018f   Thumb Code     0  _printf_i.o(.ARM.Collect$$_printf_percent$$00000008)
    _printf_d                                0x08000195   Thumb Code     0  _printf_d.o(.ARM.Collect$$_printf_percent$$00000009)
    _printf_u                                0x0800019b   Thumb Code     0  _printf_u.o(.ARM.Collect$$_printf_percent$$0000000A)
    _printf_o                                0x080001a1   Thumb Code     0  _printf_o.o(.ARM.Collect$$_printf_percent$$0000000B)
    _printf_x                                0x080001a7   Thumb Code     0  _printf_x.o(.ARM.Collect$$_printf_percent$$0000000C)
    _printf_lli                              0x080001ad   Thumb Code     0  _printf_lli.o(.ARM.Collect$$_printf_percent$$0000000D)
    _printf_lld                              0x080001b3   Thumb Code     0  _printf_lld.o(.ARM.Collect$$_printf_percent$$0000000E)
    _printf_llu                              0x080001b9   Thumb Code     0  _printf_llu.o(.ARM.Collect$$_printf_percent$$0000000F)
    _printf_llo                              0x080001bf   Thumb Code     0  _printf_llo.o(.ARM.Collect$$_printf_percent$$00000010)
    _printf_llx                              0x080001c5   Thumb Code     0  _printf_llx.o(.ARM.Collect$$_printf_percent$$00000011)
    _printf_l                                0x080001cb   Thumb Code     0  _printf_l.o(.ARM.Collect$$_printf_percent$$00000012)
    _printf_c                                0x080001d5   Thumb Code     0  _printf_c.o(.ARM.Collect$$_printf_percent$$00000013)
    _printf_s                                0x080001db   Thumb Code     0  _printf_s.o(.ARM.Collect$$_printf_percent$$00000014)
    _printf_lc                               0x080001e1   Thumb Code     0  _printf_lc.o(.ARM.Collect$$_printf_percent$$00000015)
    _printf_ls                               0x080001e7   Thumb Code     0  _printf_ls.o(.ARM.Collect$$_printf_percent$$00000016)
    _printf_percent_end                      0x080001ed   Thumb Code     0  _printf_percent_end.o(.ARM.Collect$$_printf_percent$$00000017)
    __rt_lib_init                            0x080001f1   Thumb Code     0  libinit.o(.ARM.Collect$$libinit$$00000000)
    __rt_lib_init_fp_1                       0x080001f3   Thumb Code     0  libinit2.o(.ARM.Collect$$libinit$$00000002)
    __rt_lib_init_heap_1                     0x080001f3   Thumb Code     0  libinit2.o(.ARM.Collect$$libinit$$0000000A)
    __rt_lib_init_lc_common                  0x080001f3   Thumb Code     0  libinit2.o(.ARM.Collect$$libinit$$0000000F)
    __rt_lib_init_preinit_1                  0x080001f3   Thumb Code     0  libinit2.o(.ARM.Collect$$libinit$$00000004)
    __rt_lib_init_rand_1                     0x080001f3   Thumb Code     0  libinit2.o(.ARM.Collect$$libinit$$0000000E)
    __rt_lib_init_user_alloc_1               0x080001f3   Thumb Code     0  libinit2.o(.ARM.Collect$$libinit$$0000000C)
    __rt_lib_init_lc_collate_1               0x080001f9   Thumb Code     0  libinit2.o(.ARM.Collect$$libinit$$00000011)
    __rt_lib_init_lc_ctype_2                 0x080001f9   Thumb Code     0  libinit2.o(.ARM.Collect$$libinit$$00000012)
    __rt_lib_init_lc_ctype_1                 0x08000205   Thumb Code     0  libinit2.o(.ARM.Collect$$libinit$$00000013)
    __rt_lib_init_lc_monetary_1              0x08000205   Thumb Code     0  libinit2.o(.ARM.Collect$$libinit$$00000015)
    __rt_lib_init_lc_numeric_2               0x08000205   Thumb Code     0  libinit2.o(.ARM.Collect$$libinit$$00000016)
    __rt_lib_init_alloca_1                   0x0800020f   Thumb Code     0  libinit2.o(.ARM.Collect$$libinit$$0000002E)
    __rt_lib_init_argv_1                     0x0800020f   Thumb Code     0  libinit2.o(.ARM.Collect$$libinit$$0000002C)
    __rt_lib_init_atexit_1                   0x0800020f   Thumb Code     0  libinit2.o(.ARM.Collect$$libinit$$0000001B)
    __rt_lib_init_clock_1                    0x0800020f   Thumb Code     0  libinit2.o(.ARM.Collect$$libinit$$00000021)
    __rt_lib_init_cpp_1                      0x0800020f   Thumb Code     0  libinit2.o(.ARM.Collect$$libinit$$00000032)
    __rt_lib_init_exceptions_1               0x0800020f   Thumb Code     0  libinit2.o(.ARM.Collect$$libinit$$00000030)
    __rt_lib_init_fp_trap_1                  0x0800020f   Thumb Code     0  libinit2.o(.ARM.Collect$$libinit$$0000001F)
    __rt_lib_init_getenv_1                   0x0800020f   Thumb Code     0  libinit2.o(.ARM.Collect$$libinit$$00000023)
    __rt_lib_init_lc_numeric_1               0x0800020f   Thumb Code     0  libinit2.o(.ARM.Collect$$libinit$$00000017)
    __rt_lib_init_lc_time_1                  0x0800020f   Thumb Code     0  libinit2.o(.ARM.Collect$$libinit$$00000019)
    __rt_lib_init_return                     0x0800020f   Thumb Code     0  libinit2.o(.ARM.Collect$$libinit$$00000033)
    __rt_lib_init_signal_1                   0x0800020f   Thumb Code     0  libinit2.o(.ARM.Collect$$libinit$$0000001D)
    __rt_lib_init_stdio_1                    0x0800020f   Thumb Code     0  libinit2.o(.ARM.Collect$$libinit$$00000025)
    __rt_lib_shutdown                        0x08000211   Thumb Code     0  libshutdown.o(.ARM.Collect$$libshutdown$$00000000)
    __rt_lib_shutdown_cpp_1                  0x08000213   Thumb Code     0  libshutdown2.o(.ARM.Collect$$libshutdown$$00000002)
    __rt_lib_shutdown_fp_trap_1              0x08000213   Thumb Code     0  libshutdown2.o(.ARM.Collect$$libshutdown$$00000007)
    __rt_lib_shutdown_heap_1                 0x08000213   Thumb Code     0  libshutdown2.o(.ARM.Collect$$libshutdown$$0000000F)
    __rt_lib_shutdown_return                 0x08000213   Thumb Code     0  libshutdown2.o(.ARM.Collect$$libshutdown$$00000010)
    __rt_lib_shutdown_signal_1               0x08000213   Thumb Code     0  libshutdown2.o(.ARM.Collect$$libshutdown$$0000000A)
    __rt_lib_shutdown_stdio_1                0x08000213   Thumb Code     0  libshutdown2.o(.ARM.Collect$$libshutdown$$00000004)
    __rt_lib_shutdown_user_alloc_1           0x08000213   Thumb Code     0  libshutdown2.o(.ARM.Collect$$libshutdown$$0000000C)
    __rt_entry                               0x08000215   Thumb Code     0  __rtentry.o(.ARM.Collect$$rtentry$$00000000)
    __rt_entry_presh_1                       0x08000215   Thumb Code     0  __rtentry2.o(.ARM.Collect$$rtentry$$00000002)
    __rt_entry_sh                            0x08000215   Thumb Code     0  __rtentry4.o(.ARM.Collect$$rtentry$$00000004)
    __rt_entry_li                            0x0800021b   Thumb Code     0  __rtentry2.o(.ARM.Collect$$rtentry$$0000000A)
    __rt_entry_postsh_1                      0x0800021b   Thumb Code     0  __rtentry2.o(.ARM.Collect$$rtentry$$00000009)
    __rt_entry_main                          0x0800021f   Thumb Code     0  __rtentry2.o(.ARM.Collect$$rtentry$$0000000D)
    __rt_entry_postli_1                      0x0800021f   Thumb Code     0  __rtentry2.o(.ARM.Collect$$rtentry$$0000000C)
    __rt_exit                                0x08000227   Thumb Code     0  rtexit.o(.ARM.Collect$$rtexit$$00000000)
    __rt_exit_ls                             0x08000229   Thumb Code     0  rtexit2.o(.ARM.Collect$$rtexit$$00000003)
    __rt_exit_prels_1                        0x08000229   Thumb Code     0  rtexit2.o(.ARM.Collect$$rtexit$$00000002)
    __rt_exit_exit                           0x0800022d   Thumb Code     0  rtexit2.o(.ARM.Collect$$rtexit$$00000004)
    Reset_Handler                            0x08000235   Thumb Code     8  startup_stm32f10x_md.o(.text)
    ADC1_2_IRQHandler                        0x0800024f   Thumb Code     0  startup_stm32f10x_md.o(.text)
    CAN1_RX1_IRQHandler                      0x0800024f   Thumb Code     0  startup_stm32f10x_md.o(.text)
    CAN1_SCE_IRQHandler                      0x0800024f   Thumb Code     0  startup_stm32f10x_md.o(.text)
    DMA1_Channel1_IRQHandler                 0x0800024f   Thumb Code     0  startup_stm32f10x_md.o(.text)
    DMA1_Channel2_IRQHandler                 0x0800024f   Thumb Code     0  startup_stm32f10x_md.o(.text)
    DMA1_Channel3_IRQHandler                 0x0800024f   Thumb Code     0  startup_stm32f10x_md.o(.text)
    DMA1_Channel4_IRQHandler                 0x0800024f   Thumb Code     0  startup_stm32f10x_md.o(.text)
    DMA1_Channel5_IRQHandler                 0x0800024f   Thumb Code     0  startup_stm32f10x_md.o(.text)
    DMA1_Channel6_IRQHandler                 0x0800024f   Thumb Code     0  startup_stm32f10x_md.o(.text)
    DMA1_Channel7_IRQHandler                 0x0800024f   Thumb Code     0  startup_stm32f10x_md.o(.text)
    EXTI0_IRQHandler                         0x0800024f   Thumb Code     0  startup_stm32f10x_md.o(.text)
    EXTI15_10_IRQHandler                     0x0800024f   Thumb Code     0  startup_stm32f10x_md.o(.text)
    EXTI1_IRQHandler                         0x0800024f   Thumb Code     0  startup_stm32f10x_md.o(.text)
    EXTI2_IRQHandler                         0x0800024f   Thumb Code     0  startup_stm32f10x_md.o(.text)
    EXTI3_IRQHandler                         0x0800024f   Thumb Code     0  startup_stm32f10x_md.o(.text)
    EXTI4_IRQHandler                         0x0800024f   Thumb Code     0  startup_stm32f10x_md.o(.text)
    EXTI9_5_IRQHandler                       0x0800024f   Thumb Code     0  startup_stm32f10x_md.o(.text)
    FLASH_IRQHandler                         0x0800024f   Thumb Code     0  startup_stm32f10x_md.o(.text)
    I2C1_ER_IRQHandler                       0x0800024f   Thumb Code     0  startup_stm32f10x_md.o(.text)
    I2C1_EV_IRQHandler                       0x0800024f   Thumb Code     0  startup_stm32f10x_md.o(.text)
    I2C2_ER_IRQHandler                       0x0800024f   Thumb Code     0  startup_stm32f10x_md.o(.text)
    I2C2_EV_IRQHandler                       0x0800024f   Thumb Code     0  startup_stm32f10x_md.o(.text)
    PVD_IRQHandler                           0x0800024f   Thumb Code     0  startup_stm32f10x_md.o(.text)
    RCC_IRQHandler                           0x0800024f   Thumb Code     0  startup_stm32f10x_md.o(.text)
    RTCAlarm_IRQHandler                      0x0800024f   Thumb Code     0  startup_stm32f10x_md.o(.text)
    RTC_IRQHandler                           0x0800024f   Thumb Code     0  startup_stm32f10x_md.o(.text)
    SPI1_IRQHandler                          0x0800024f   Thumb Code     0  startup_stm32f10x_md.o(.text)
    SPI2_IRQHandler                          0x0800024f   Thumb Code     0  startup_stm32f10x_md.o(.text)
    TAMPER_IRQHandler                        0x0800024f   Thumb Code     0  startup_stm32f10x_md.o(.text)
    TIM1_BRK_IRQHandler                      0x0800024f   Thumb Code     0  startup_stm32f10x_md.o(.text)
    TIM1_CC_IRQHandler                       0x0800024f   Thumb Code     0  startup_stm32f10x_md.o(.text)
    TIM1_TRG_COM_IRQHandler                  0x0800024f   Thumb Code     0  startup_stm32f10x_md.o(.text)
    TIM1_UP_IRQHandler                       0x0800024f   Thumb Code     0  startup_stm32f10x_md.o(.text)
    TIM3_IRQHandler                          0x0800024f   Thumb Code     0  startup_stm32f10x_md.o(.text)
    TIM4_IRQHandler                          0x0800024f   Thumb Code     0  startup_stm32f10x_md.o(.text)
    USART3_IRQHandler                        0x0800024f   Thumb Code     0  startup_stm32f10x_md.o(.text)
    USBWakeUp_IRQHandler                     0x0800024f   Thumb Code     0  startup_stm32f10x_md.o(.text)
    USB_HP_CAN1_TX_IRQHandler                0x0800024f   Thumb Code     0  startup_stm32f10x_md.o(.text)
    USB_LP_CAN1_RX0_IRQHandler               0x0800024f   Thumb Code     0  startup_stm32f10x_md.o(.text)
    WWDG_IRQHandler                          0x0800024f   Thumb Code     0  startup_stm32f10x_md.o(.text)
    __user_initial_stackheap                 0x08000251   Thumb Code     0  startup_stm32f10x_md.o(.text)
    __c89vsnprintf                           0x08000275   Thumb Code    48  c89vsnprintf.o(.text)
    __2sprintf                               0x080002a9   Thumb Code    38  __2sprintf.o(.text)
    _printf_pre_padding                      0x080002d5   Thumb Code    44  _printf_pad.o(.text)
    _printf_post_padding                     0x08000301   Thumb Code    34  _printf_pad.o(.text)
    _printf_int_dec                          0x08000325   Thumb Code   104  _printf_dec.o(.text)
    __printf                                 0x0800039d   Thumb Code   388  __printf_flags_ss_wp.o(.text)
    strstr                                   0x08000525   Thumb Code    36  strstr.o(.text)
    __aeabi_memclr                           0x08000549   Thumb Code     0  rt_memclr.o(.text)
    __rt_memclr                              0x08000549   Thumb Code    68  rt_memclr.o(.text)
    _memset                                  0x0800054d   Thumb Code     0  rt_memclr.o(.text)
    __use_two_region_memory                  0x0800058d   Thumb Code     2  heapauxi.o(.text)
    __rt_heap_escrow$2region                 0x0800058f   Thumb Code     2  heapauxi.o(.text)
    __rt_heap_expand$2region                 0x08000591   Thumb Code     2  heapauxi.o(.text)
    _printf_truncate_signed                  0x08000593   Thumb Code    18  _printf_truncate.o(.text)
    _printf_truncate_unsigned                0x080005a5   Thumb Code    18  _printf_truncate.o(.text)
    _printf_str                              0x080005b7   Thumb Code    82  _printf_str.o(.text)
    _printf_int_common                       0x08000609   Thumb Code   178  _printf_intcommon.o(.text)
    _printf_charcount                        0x080006bb   Thumb Code    40  _printf_charcount.o(.text)
    __lib_sel_fp_printf                      0x080006e3   Thumb Code     2  _printf_fp_dec.o(.text)
    _printf_fp_dec_real                      0x08000895   Thumb Code   620  _printf_fp_dec.o(.text)
    _printf_char_common                      0x08000b0b   Thumb Code    32  _printf_char_common.o(.text)
    _sputc                                   0x08000b31   Thumb Code    10  _sputc.o(.text)
    _snputc                                  0x08000b3b   Thumb Code    16  _snputc.o(.text)
    _printf_wctomb                           0x08000b4d   Thumb Code   182  _printf_wctomb.o(.text)
    _printf_longlong_dec                     0x08000c09   Thumb Code   108  _printf_longlong_dec.o(.text)
    _printf_longlong_oct                     0x08000c85   Thumb Code    66  _printf_oct_int_ll.o(.text)
    _printf_int_oct                          0x08000cc7   Thumb Code    24  _printf_oct_int_ll.o(.text)
    _printf_ll_oct                           0x08000cdf   Thumb Code    12  _printf_oct_int_ll.o(.text)
    _printf_longlong_hex                     0x08000cf5   Thumb Code    86  _printf_hex_int_ll_ptr.o(.text)
    _printf_int_hex                          0x08000d4b   Thumb Code    28  _printf_hex_int_ll_ptr.o(.text)
    _printf_ll_hex                           0x08000d67   Thumb Code    12  _printf_hex_int_ll_ptr.o(.text)
    _printf_hex_ptr                          0x08000d73   Thumb Code    18  _printf_hex_int_ll_ptr.o(.text)
    __aeabi_memclr4                          0x08000d89   Thumb Code     0  rt_memclr_w.o(.text)
    __aeabi_memclr8                          0x08000d89   Thumb Code     0  rt_memclr_w.o(.text)
    __rt_memclr_w                            0x08000d89   Thumb Code    78  rt_memclr_w.o(.text)
    _memset_w                                0x08000d8d   Thumb Code     0  rt_memclr_w.o(.text)
    __rt_locale                              0x08000dd9   Thumb Code     8  rt_locale_intlibspace.o(.text)
    _ll_udiv10                               0x08000de1   Thumb Code   138  lludiv10.o(.text)
    _printf_fp_infnan                        0x08000e6d   Thumb Code   112  _printf_fp_infnan.o(.text)
    _printf_cs_common                        0x08000eed   Thumb Code    20  _printf_char.o(.text)
    _printf_char                             0x08000f01   Thumb Code    16  _printf_char.o(.text)
    _printf_string                           0x08000f11   Thumb Code     8  _printf_char.o(.text)
    _printf_lcs_common                       0x08000f19   Thumb Code    20  _printf_wchar.o(.text)
    _printf_wchar                            0x08000f2d   Thumb Code    16  _printf_wchar.o(.text)
    _printf_wstring                          0x08000f3d   Thumb Code     8  _printf_wchar.o(.text)
    _btod_etento                             0x08000f45   Thumb Code   224  bigflt0.o(.text)
    _wcrtomb                                 0x08001029   Thumb Code    64  _wcrtomb.o(.text)
    __user_libspace                          0x08001069   Thumb Code     8  libspace.o(.text)
    __user_perproc_libspace                  0x08001069   Thumb Code     0  libspace.o(.text)
    __user_perthread_libspace                0x08001069   Thumb Code     0  libspace.o(.text)
    __user_setup_stackheap                   0x08001071   Thumb Code    74  sys_stackheap_outer.o(.text)
    __rt_ctype_table                         0x080010bd   Thumb Code    16  rt_ctype_table.o(.text)
    exit                                     0x080010cd   Thumb Code    18  exit.o(.text)
    strcmp                                   0x080010e1   Thumb Code   128  strcmpv7m.o(.text)
    _sys_exit                                0x08001161   Thumb Code     8  sys_exit.o(.text)
    __I$use$semihosting                      0x0800116d   Thumb Code     0  use_no_semi.o(.text)
    __use_no_semihosting_swi                 0x0800116d   Thumb Code     2  use_no_semi.o(.text)
    __semihosting_library_function           0x0800116f   Thumb Code     0  indicate_semi.o(.text)
    _btod_d2e                                0x0800116f   Thumb Code    62  btod.o(CL$$btod_d2e)
    _d2e_denorm_low                          0x080011ad   Thumb Code    70  btod.o(CL$$btod_d2e_denorm_low)
    _d2e_norm_op1                            0x080011f3   Thumb Code    96  btod.o(CL$$btod_d2e_norm_op1)
    __btod_div_common                        0x08001253   Thumb Code   696  btod.o(CL$$btod_div_common)
    _e2e                                     0x0800158b   Thumb Code   220  btod.o(CL$$btod_e2e)
    _btod_ediv                               0x08001667   Thumb Code    42  btod.o(CL$$btod_ediv)
    _btod_emul                               0x08001691   Thumb Code    42  btod.o(CL$$btod_emul)
    __btod_mult_common                       0x080016bb   Thumb Code   580  btod.o(CL$$btod_mult_common)
    Alarm_function                           0x08001901   Thumb Code   114  main.o(i.Alarm_function)
    Bluetooth_Run                            0x08001991   Thumb Code   354  main.o(i.Bluetooth_Run)
    BusFault_Handler                         0x08001b19   Thumb Code     4  stm32f10x_it.o(i.BusFault_Handler)
    Chiclet_Keyboard_Scan                    0x08001b1d   Thumb Code   122  key.o(i.Chiclet_Keyboard_Scan)
    DS18B20_Check                            0x08001ba1   Thumb Code    78  ds18b20.o(i.DS18B20_Check)
    DS18B20_GPIO_IN                          0x08001bf5   Thumb Code    40  ds18b20.o(i.DS18B20_GPIO_IN)
    DS18B20_GPIO_OUT                         0x08001c21   Thumb Code    40  ds18b20.o(i.DS18B20_GPIO_OUT)
    DS18B20_Get_Temp                         0x08001c4d   Thumb Code   136  ds18b20.o(i.DS18B20_Get_Temp)
    DS18B20_Init                             0x08001cd9   Thumb Code    58  ds18b20.o(i.DS18B20_Init)
    DS18B20_RST                              0x08001d19   Thumb Code    36  ds18b20.o(i.DS18B20_RST)
    DS18B20_Read_Bit                         0x08001d45   Thumb Code    66  ds18b20.o(i.DS18B20_Read_Bit)
    DS18B20_Read_Byte                        0x08001d91   Thumb Code    34  ds18b20.o(i.DS18B20_Read_Byte)
    DS18B20_Start                            0x08001db3   Thumb Code    24  ds18b20.o(i.DS18B20_Start)
    DS18B20_Write_Byte                       0x08001dcd   Thumb Code    84  ds18b20.o(i.DS18B20_Write_Byte)
    DebugMon_Handler                         0x08001e29   Thumb Code     2  stm32f10x_it.o(i.DebugMon_Handler)
    Delay_Init                               0x08001e2d   Thumb Code    50  delay.o(i.Delay_Init)
    Delay_ms                                 0x08001e71   Thumb Code    72  delay.o(i.Delay_ms)
    Delay_us                                 0x08001ebd   Thumb Code    72  delay.o(i.Delay_us)
    Display_function                         0x08001f09   Thumb Code   960  main.o(i.Display_function)
    GPIO_Init                                0x08002421   Thumb Code   278  stm32f10x_gpio.o(i.GPIO_Init)
    GPIO_PinRemapConfig                      0x08002539   Thumb Code   138  stm32f10x_gpio.o(i.GPIO_PinRemapConfig)
    GPIO_ReadInputDataBit                    0x080025c9   Thumb Code    18  stm32f10x_gpio.o(i.GPIO_ReadInputDataBit)
    GPIO_ResetBits                           0x080025db   Thumb Code     4  stm32f10x_gpio.o(i.GPIO_ResetBits)
    GPIO_SetBits                             0x080025df   Thumb Code     4  stm32f10x_gpio.o(i.GPIO_SetBits)
    Gpio_Init                                0x080025e5   Thumb Code   126  gpio.o(i.Gpio_Init)
    HardFault_Handler                        0x0800266d   Thumb Code     4  stm32f10x_it.o(i.HardFault_Handler)
    Key_Init                                 0x08002671   Thumb Code   120  key.o(i.Key_Init)
    Key_function                             0x080026ed   Thumb Code   430  main.o(i.Key_function)
    MAX30102_GPIO_IN                         0x080028c5   Thumb Code   104  max30102.o(i.MAX30102_GPIO_IN)
    MAX30102_GPIO_OUT                        0x08002939   Thumb Code   104  max30102.o(i.MAX30102_GPIO_OUT)
    MAX30102_IIC_Ack                         0x080029ad   Thumb Code    48  max30102.o(i.MAX30102_IIC_Ack)
    MAX30102_IIC_NAck                        0x080029e5   Thumb Code    48  max30102.o(i.MAX30102_IIC_NAck)
    MAX30102_IIC_Read_Byte                   0x08002a1d   Thumb Code    80  max30102.o(i.MAX30102_IIC_Read_Byte)
    MAX30102_IIC_Send_Byte                   0x08002a75   Thumb Code    72  max30102.o(i.MAX30102_IIC_Send_Byte)
    MAX30102_IIC_Start                       0x08002ac5   Thumb Code    46  max30102.o(i.MAX30102_IIC_Start)
    MAX30102_IIC_Stop                        0x08002afd   Thumb Code    44  max30102.o(i.MAX30102_IIC_Stop)
    MAX30102_IIC_Wait_Ack                    0x08002b31   Thumb Code    68  max30102.o(i.MAX30102_IIC_Wait_Ack)
    MAX30102_ReadOneByte                     0x08002b7d   Thumb Code    60  max30102.o(i.MAX30102_ReadOneByte)
    MAX30102_ReadSixByte                     0x08002bb9   Thumb Code    98  max30102.o(i.MAX30102_ReadSixByte)
    MAX30102_WriteOneByte                    0x08002c1b   Thumb Code    52  max30102.o(i.MAX30102_WriteOneByte)
    MemManage_Handler                        0x08002c4f   Thumb Code     4  stm32f10x_it.o(i.MemManage_Handler)
    Monitor_function                         0x08002c55   Thumb Code   778  main.o(i.Monitor_function)
    NMI_Handler                              0x08003115   Thumb Code     2  stm32f10x_it.o(i.NMI_Handler)
    NVIC_Init                                0x08003119   Thumb Code   100  misc.o(i.NVIC_Init)
    NVIC_PriorityGroupConfig                 0x08003189   Thumb Code    10  misc.o(i.NVIC_PriorityGroupConfig)
    Oled_Clear_All                           0x0800319d   Thumb Code    56  oled.o(i.Oled_Clear_All)
    Oled_Delay                               0x080031d5   Thumb Code    12  oled.o(i.Oled_Delay)
    Oled_IIC_Start                           0x080031e1   Thumb Code    52  oled.o(i.Oled_IIC_Start)
    Oled_IIC_Stop                            0x0800321d   Thumb Code    36  oled.o(i.Oled_IIC_Stop)
    Oled_Init                                0x08003249   Thumb Code   240  oled.o(i.Oled_Init)
    Oled_Set_Pos                             0x0800333d   Thumb Code    40  oled.o(i.Oled_Set_Pos)
    Oled_ShowCHinese                         0x08003365   Thumb Code   178  oled.o(i.Oled_ShowCHinese)
    Oled_ShowChar                            0x0800341d   Thumb Code    86  oled.o(i.Oled_ShowChar)
    Oled_ShowString                          0x08003479   Thumb Code    62  oled.o(i.Oled_ShowString)
    Oled_Write_IIC_Byte                      0x080034b9   Thumb Code   122  oled.o(i.Oled_Write_IIC_Byte)
    Oled_Write_IIC_Com                       0x08003541   Thumb Code    32  oled.o(i.Oled_Write_IIC_Com)
    Oled_Write_IIC_Dat                       0x08003561   Thumb Code    32  oled.o(i.Oled_Write_IIC_Dat)
    PendSV_Handler                           0x08003581   Thumb Code     2  stm32f10x_it.o(i.PendSV_Handler)
    RCC_APB1PeriphClockCmd                   0x08003585   Thumb Code    26  stm32f10x_rcc.o(i.RCC_APB1PeriphClockCmd)
    RCC_APB2PeriphClockCmd                   0x080035a5   Thumb Code    26  stm32f10x_rcc.o(i.RCC_APB2PeriphClockCmd)
    RCC_GetClocksFreq                        0x080035c5   Thumb Code   192  stm32f10x_rcc.o(i.RCC_GetClocksFreq)
    SVC_Handler                              0x08003699   Thumb Code     2  stm32f10x_it.o(i.SVC_Handler)
    SysTick_CLKSourceConfig                  0x08003785   Thumb Code    40  misc.o(i.SysTick_CLKSourceConfig)
    SysTick_Handler                          0x080037ad   Thumb Code     2  stm32f10x_it.o(i.SysTick_Handler)
    SystemInit                               0x080037b1   Thumb Code    78  system_stm32f10x.o(i.SystemInit)
    TIM2_IRQHandler                          0x08003811   Thumb Code   168  timer.o(i.TIM2_IRQHandler)
    TIM2_Init                                0x080038dd   Thumb Code    92  timer.o(i.TIM2_Init)
    TIM_ClearITPendingBit                    0x08003939   Thumb Code     6  stm32f10x_tim.o(i.TIM_ClearITPendingBit)
    TIM_Cmd                                  0x0800393f   Thumb Code    24  stm32f10x_tim.o(i.TIM_Cmd)
    TIM_GetITStatus                          0x08003957   Thumb Code    34  stm32f10x_tim.o(i.TIM_GetITStatus)
    TIM_ITConfig                             0x08003979   Thumb Code    18  stm32f10x_tim.o(i.TIM_ITConfig)
    TIM_TimeBaseInit                         0x0800398d   Thumb Code   122  stm32f10x_tim.o(i.TIM_TimeBaseInit)
    USART1_Clear                             0x08003a31   Thumb Code    20  usart.o(i.USART1_Clear)
    USART1_IRQHandler                        0x08003a4d   Thumb Code    62  usart.o(i.USART1_IRQHandler)
    USART1_WaitRecive                        0x08003a99   Thumb Code    42  usart.o(i.USART1_WaitRecive)
    USART2_IRQHandler                        0x08003acd   Thumb Code    62  usart.o(i.USART2_IRQHandler)
    USART_ClearFlag                          0x08003b19   Thumb Code    18  stm32f10x_usart.o(i.USART_ClearFlag)
    USART_Cmd                                0x08003b2b   Thumb Code    24  stm32f10x_usart.o(i.USART_Cmd)
    USART_GetFlagStatus                      0x08003b43   Thumb Code    26  stm32f10x_usart.o(i.USART_GetFlagStatus)
    USART_GetITStatus                        0x08003b5d   Thumb Code    84  stm32f10x_usart.o(i.USART_GetITStatus)
    USART_ITConfig                           0x08003bb1   Thumb Code    74  stm32f10x_usart.o(i.USART_ITConfig)
    USART_Init                               0x08003bfd   Thumb Code   210  stm32f10x_usart.o(i.USART_Init)
    USART_SendData                           0x08003cd5   Thumb Code     8  stm32f10x_usart.o(i.USART_SendData)
    UsageFault_Handler                       0x08003cdd   Thumb Code     4  stm32f10x_it.o(i.UsageFault_Handler)
    Usart1_Init                              0x08003ce1   Thumb Code   166  usart.o(i.Usart1_Init)
    UsartPrintf                              0x08003d91   Thumb Code    72  usart.o(i.UsartPrintf)
    __ARM_fpclassify                         0x08003dd9   Thumb Code    40  fpclassify.o(i.__ARM_fpclassify)
    _is_digit                                0x08003e01   Thumb Code    14  __printf_wp.o(i._is_digit)
    get_real_heart_rate                      0x0800400d   Thumb Code    12  max30102.o(i.get_real_heart_rate)
    get_real_spo2                            0x0800401d   Thumb Code    12  max30102.o(i.get_real_spo2)
    main                                     0x0800402d   Thumb Code   134  main.o(i.main)
    max30102_init                            0x080040df   Thumb Code   110  max30102.o(i.max30102_init)
    max30102_update                          0x08004191   Thumb Code   130  max30102.o(i.max30102_update)
    _get_lc_numeric                          0x08004229   Thumb Code    44  lc_numeric_c.o(locale$$code)
    _get_lc_ctype                            0x08004255   Thumb Code    44  lc_ctype_c.o(locale$$code)
    __aeabi_d2iz                             0x08004281   Thumb Code     0  dfix.o(x$fpl$dfix)
    _dfix                                    0x08004281   Thumb Code    94  dfix.o(x$fpl$dfix)
    __aeabi_dmul                             0x080042e1   Thumb Code     0  dmul.o(x$fpl$dmul)
    _dmul                                    0x080042e1   Thumb Code   332  dmul.o(x$fpl$dmul)
    __fpl_dnaninf                            0x08004435   Thumb Code   156  dnaninf.o(x$fpl$dnaninf)
    __fpl_dretinf                            0x080044d1   Thumb Code    12  dretinf.o(x$fpl$dretinf)
    __aeabi_f2d                              0x080044dd   Thumb Code     0  f2d.o(x$fpl$f2d)
    _f2d                                     0x080044dd   Thumb Code    86  f2d.o(x$fpl$f2d)
    __aeabi_fadd                             0x08004535   Thumb Code     0  faddsub_clz.o(x$fpl$fadd)
    _fadd                                    0x08004535   Thumb Code   196  faddsub_clz.o(x$fpl$fadd)
    __fpl_fcmp_Inf                           0x080045f9   Thumb Code    24  fcmpi.o(x$fpl$fcmpinf)
    __aeabi_fdiv                             0x08004611   Thumb Code     0  fdiv.o(x$fpl$fdiv)
    _fdiv                                    0x08004611   Thumb Code   384  fdiv.o(x$fpl$fdiv)
    __aeabi_f2uiz                            0x08004795   Thumb Code     0  ffixu.o(x$fpl$ffixu)
    _ffixu                                   0x08004795   Thumb Code    62  ffixu.o(x$fpl$ffixu)
    __aeabi_i2f                              0x080047d5   Thumb Code     0  fflt_clz.o(x$fpl$fflt)
    _fflt                                    0x080047d5   Thumb Code    48  fflt_clz.o(x$fpl$fflt)
    __aeabi_ui2f                             0x08004805   Thumb Code     0  fflt_clz.o(x$fpl$ffltu)
    _ffltu                                   0x08004805   Thumb Code    38  fflt_clz.o(x$fpl$ffltu)
    __aeabi_cfcmple                          0x0800482d   Thumb Code     0  fleqf.o(x$fpl$fleqf)
    _fcmple                                  0x0800482d   Thumb Code   104  fleqf.o(x$fpl$fleqf)
    __fpl_fcmple_InfNaN                      0x0800487f   Thumb Code     0  fleqf.o(x$fpl$fleqf)
    __aeabi_fmul                             0x08004895   Thumb Code     0  fmul.o(x$fpl$fmul)
    _fmul                                    0x08004895   Thumb Code   258  fmul.o(x$fpl$fmul)
    __fpl_fnaninf                            0x08004997   Thumb Code   140  fnaninf.o(x$fpl$fnaninf)
    __fpl_fretinf                            0x08004a23   Thumb Code    10  fretinf.o(x$fpl$fretinf)
    __aeabi_cfrcmple                         0x08004a2d   Thumb Code     0  frleqf.o(x$fpl$frleqf)
    _frcmple                                 0x08004a2d   Thumb Code    98  frleqf.o(x$fpl$frleqf)
    __aeabi_fsub                             0x08004a91   Thumb Code     0  faddsub_clz.o(x$fpl$fsub)
    _fsub                                    0x08004a91   Thumb Code   234  faddsub_clz.o(x$fpl$fsub)
    _printf_fp_dec                           0x08004b7b   Thumb Code     4  printf1.o(x$fpl$printf1)
    OLED_F8X16                               0x08004b7e   Data        1520  oled.o(.constdata)
    __I$use$fp                               0x08004b7e   Number         0  usenofp.o(x$fpl$usenofp)
    OLED_HZK                                 0x0800516e   Data        1122  oled.o(.constdata)
    Region$$Table$$Base                      0x080056a8   Number         0  anon$$obj.o(Region$$Table)
    Region$$Table$$Limit                     0x080056c8   Number         0  anon$$obj.o(Region$$Table)
    __ctype                                  0x080056f1   Data           0  lc_ctype_c.o(locale$$data)
    key_num                                  0x20000000   Data           1  main.o(.data)
    flag_display                             0x20000001   Data           1  main.o(.data)
    time_num                                 0x20000004   Data           4  main.o(.data)
    system_state                             0x20000008   Data           1  main.o(.data)
    work_mode                                0x20000009   Data           1  main.o(.data)
    temp_value                               0x2000000a   Data           2  main.o(.data)
    heart_rate                               0x2000000c   Data           1  main.o(.data)
    spo2                                     0x2000000d   Data           1  main.o(.data)
    temp_max                                 0x20000010   Data           4  main.o(.data)
    temp_min                                 0x20000014   Data           4  main.o(.data)
    heart_max                                0x20000018   Data           1  main.o(.data)
    heart_min                                0x20000019   Data           1  main.o(.data)
    spo2_max                                 0x2000001a   Data           1  main.o(.data)
    spo2_min                                 0x2000001b   Data           1  main.o(.data)
    alarm_temp                               0x2000001c   Data           1  main.o(.data)
    alarm_heart                              0x2000001d   Data           1  main.o(.data)
    alarm_spo2                               0x2000001e   Data           1  main.o(.data)
    last_alarm_state                         0x2000001f   Data           1  main.o(.data)
    max30102_data                            0x20000020   Data           8  main.o(.data)
    SystemCoreClock                          0x2000002c   Data           4  system_stm32f10x.o(.data)
    AHBPrescTable                            0x20000030   Data          16  system_stm32f10x.o(.data)
    flag_timer_begin_2s                      0x20000042   Data           1  timer.o(.data)
    flag_2s                                  0x20000043   Data           1  timer.o(.data)
    pwm_value                                0x20000044   Data           2  timer.o(.data)
    flag_countdown_begin                     0x20000046   Data           1  timer.o(.data)
    flag_1s                                  0x20000047   Data           1  timer.o(.data)
    usart1_cnt                               0x2000005a   Data           2  usart.o(.data)
    usart1_cntPre                            0x2000005c   Data           2  usart.o(.data)
    usart2_cnt                               0x2000005e   Data           2  usart.o(.data)
    usart2_cntPre                            0x20000060   Data           2  usart.o(.data)
    display_buf                              0x20000078   Data          32  main.o(.bss)
    usart1_buf                               0x200003b8   Data         256  usart.o(.bss)
    usart2_buf                               0x200004b8   Data         256  usart.o(.bss)
    __libspace_start                         0x200005b8   Data          96  libspace.o(.bss)
    __temporary_stack_top$libspace           0x20000618   Data           0  libspace.o(.bss)



==============================================================================

Memory Map of the image

  Image Entry point : 0x080000ed

  Load Region LR_IROM1 (Base: 0x08000000, Size: 0x0000586c, Max: 0x00010000, ABSOLUTE)

    Execution Region ER_IROM1 (Exec base: 0x08000000, Load base: 0x08000000, Size: 0x000057f4, Max: 0x00010000, ABSOLUTE)

    Exec Addr    Load Addr    Size         Type   Attr      Idx    E Section Name        Object

    0x08000000   0x08000000   0x000000ec   Data   RO          813    RESET               startup_stm32f10x_md.o
    0x080000ec   0x080000ec   0x00000008   Code   RO         3223  * !!!main             c_w.l(__main.o)
    0x080000f4   0x080000f4   0x00000034   Code   RO         3554    !!!scatter          c_w.l(__scatter.o)
    0x08000128   0x08000128   0x0000001a   Code   RO         3556    !!handler_copy      c_w.l(__scatter_copy.o)
    0x08000142   0x08000142   0x00000002   PAD
    0x08000144   0x08000144   0x0000001c   Code   RO         3558    !!handler_zi        c_w.l(__scatter_zi.o)
    0x08000160   0x08000160   0x00000000   Code   RO         3216    .ARM.Collect$$_printf_percent$$00000000  c_w.l(_printf_percent.o)
    0x08000160   0x08000160   0x00000006   Code   RO         3312    .ARM.Collect$$_printf_percent$$00000001  c_w.l(_printf_n.o)
    0x08000166   0x08000166   0x00000006   Code   RO         3314    .ARM.Collect$$_printf_percent$$00000002  c_w.l(_printf_p.o)
    0x0800016c   0x0800016c   0x00000006   Code   RO         3215    .ARM.Collect$$_printf_percent$$00000003  c_w.l(_printf_f.o)
    0x08000172   0x08000172   0x00000006   Code   RO         3318    .ARM.Collect$$_printf_percent$$00000004  c_w.l(_printf_e.o)
    0x08000178   0x08000178   0x00000006   Code   RO         3319    .ARM.Collect$$_printf_percent$$00000005  c_w.l(_printf_g.o)
    0x0800017e   0x0800017e   0x00000006   Code   RO         3320    .ARM.Collect$$_printf_percent$$00000006  c_w.l(_printf_a.o)
    0x08000184   0x08000184   0x0000000a   Code   RO         3325    .ARM.Collect$$_printf_percent$$00000007  c_w.l(_printf_ll.o)
    0x0800018e   0x0800018e   0x00000006   Code   RO         3316    .ARM.Collect$$_printf_percent$$00000008  c_w.l(_printf_i.o)
    0x08000194   0x08000194   0x00000006   Code   RO         3214    .ARM.Collect$$_printf_percent$$00000009  c_w.l(_printf_d.o)
    0x0800019a   0x0800019a   0x00000006   Code   RO         3317    .ARM.Collect$$_printf_percent$$0000000A  c_w.l(_printf_u.o)
    0x080001a0   0x080001a0   0x00000006   Code   RO         3315    .ARM.Collect$$_printf_percent$$0000000B  c_w.l(_printf_o.o)
    0x080001a6   0x080001a6   0x00000006   Code   RO         3313    .ARM.Collect$$_printf_percent$$0000000C  c_w.l(_printf_x.o)
    0x080001ac   0x080001ac   0x00000006   Code   RO         3322    .ARM.Collect$$_printf_percent$$0000000D  c_w.l(_printf_lli.o)
    0x080001b2   0x080001b2   0x00000006   Code   RO         3323    .ARM.Collect$$_printf_percent$$0000000E  c_w.l(_printf_lld.o)
    0x080001b8   0x080001b8   0x00000006   Code   RO         3324    .ARM.Collect$$_printf_percent$$0000000F  c_w.l(_printf_llu.o)
    0x080001be   0x080001be   0x00000006   Code   RO         3329    .ARM.Collect$$_printf_percent$$00000010  c_w.l(_printf_llo.o)
    0x080001c4   0x080001c4   0x00000006   Code   RO         3330    .ARM.Collect$$_printf_percent$$00000011  c_w.l(_printf_llx.o)
    0x080001ca   0x080001ca   0x0000000a   Code   RO         3326    .ARM.Collect$$_printf_percent$$00000012  c_w.l(_printf_l.o)
    0x080001d4   0x080001d4   0x00000006   Code   RO         3310    .ARM.Collect$$_printf_percent$$00000013  c_w.l(_printf_c.o)
    0x080001da   0x080001da   0x00000006   Code   RO         3311    .ARM.Collect$$_printf_percent$$00000014  c_w.l(_printf_s.o)
    0x080001e0   0x080001e0   0x00000006   Code   RO         3327    .ARM.Collect$$_printf_percent$$00000015  c_w.l(_printf_lc.o)
    0x080001e6   0x080001e6   0x00000006   Code   RO         3328    .ARM.Collect$$_printf_percent$$00000016  c_w.l(_printf_ls.o)
    0x080001ec   0x080001ec   0x00000004   Code   RO         3321    .ARM.Collect$$_printf_percent$$00000017  c_w.l(_printf_percent_end.o)
    0x080001f0   0x080001f0   0x00000002   Code   RO         3424    .ARM.Collect$$libinit$$00000000  c_w.l(libinit.o)
    0x080001f2   0x080001f2   0x00000000   Code   RO         3426    .ARM.Collect$$libinit$$00000002  c_w.l(libinit2.o)
    0x080001f2   0x080001f2   0x00000000   Code   RO         3428    .ARM.Collect$$libinit$$00000004  c_w.l(libinit2.o)
    0x080001f2   0x080001f2   0x00000000   Code   RO         3431    .ARM.Collect$$libinit$$0000000A  c_w.l(libinit2.o)
    0x080001f2   0x080001f2   0x00000000   Code   RO         3433    .ARM.Collect$$libinit$$0000000C  c_w.l(libinit2.o)
    0x080001f2   0x080001f2   0x00000000   Code   RO         3435    .ARM.Collect$$libinit$$0000000E  c_w.l(libinit2.o)
    0x080001f2   0x080001f2   0x00000006   Code   RO         3436    .ARM.Collect$$libinit$$0000000F  c_w.l(libinit2.o)
    0x080001f8   0x080001f8   0x00000000   Code   RO         3438    .ARM.Collect$$libinit$$00000011  c_w.l(libinit2.o)
    0x080001f8   0x080001f8   0x0000000c   Code   RO         3439    .ARM.Collect$$libinit$$00000012  c_w.l(libinit2.o)
    0x08000204   0x08000204   0x00000000   Code   RO         3440    .ARM.Collect$$libinit$$00000013  c_w.l(libinit2.o)
    0x08000204   0x08000204   0x00000000   Code   RO         3442    .ARM.Collect$$libinit$$00000015  c_w.l(libinit2.o)
    0x08000204   0x08000204   0x0000000a   Code   RO         3443    .ARM.Collect$$libinit$$00000016  c_w.l(libinit2.o)
    0x0800020e   0x0800020e   0x00000000   Code   RO         3444    .ARM.Collect$$libinit$$00000017  c_w.l(libinit2.o)
    0x0800020e   0x0800020e   0x00000000   Code   RO         3446    .ARM.Collect$$libinit$$00000019  c_w.l(libinit2.o)
    0x0800020e   0x0800020e   0x00000000   Code   RO         3448    .ARM.Collect$$libinit$$0000001B  c_w.l(libinit2.o)
    0x0800020e   0x0800020e   0x00000000   Code   RO         3450    .ARM.Collect$$libinit$$0000001D  c_w.l(libinit2.o)
    0x0800020e   0x0800020e   0x00000000   Code   RO         3452    .ARM.Collect$$libinit$$0000001F  c_w.l(libinit2.o)
    0x0800020e   0x0800020e   0x00000000   Code   RO         3454    .ARM.Collect$$libinit$$00000021  c_w.l(libinit2.o)
    0x0800020e   0x0800020e   0x00000000   Code   RO         3456    .ARM.Collect$$libinit$$00000023  c_w.l(libinit2.o)
    0x0800020e   0x0800020e   0x00000000   Code   RO         3458    .ARM.Collect$$libinit$$00000025  c_w.l(libinit2.o)
    0x0800020e   0x0800020e   0x00000000   Code   RO         3462    .ARM.Collect$$libinit$$0000002C  c_w.l(libinit2.o)
    0x0800020e   0x0800020e   0x00000000   Code   RO         3464    .ARM.Collect$$libinit$$0000002E  c_w.l(libinit2.o)
    0x0800020e   0x0800020e   0x00000000   Code   RO         3466    .ARM.Collect$$libinit$$00000030  c_w.l(libinit2.o)
    0x0800020e   0x0800020e   0x00000000   Code   RO         3468    .ARM.Collect$$libinit$$00000032  c_w.l(libinit2.o)
    0x0800020e   0x0800020e   0x00000002   Code   RO         3469    .ARM.Collect$$libinit$$00000033  c_w.l(libinit2.o)
    0x08000210   0x08000210   0x00000002   Code   RO         3502    .ARM.Collect$$libshutdown$$00000000  c_w.l(libshutdown.o)
    0x08000212   0x08000212   0x00000000   Code   RO         3513    .ARM.Collect$$libshutdown$$00000002  c_w.l(libshutdown2.o)
    0x08000212   0x08000212   0x00000000   Code   RO         3515    .ARM.Collect$$libshutdown$$00000004  c_w.l(libshutdown2.o)
    0x08000212   0x08000212   0x00000000   Code   RO         3518    .ARM.Collect$$libshutdown$$00000007  c_w.l(libshutdown2.o)
    0x08000212   0x08000212   0x00000000   Code   RO         3521    .ARM.Collect$$libshutdown$$0000000A  c_w.l(libshutdown2.o)
    0x08000212   0x08000212   0x00000000   Code   RO         3523    .ARM.Collect$$libshutdown$$0000000C  c_w.l(libshutdown2.o)
    0x08000212   0x08000212   0x00000000   Code   RO         3526    .ARM.Collect$$libshutdown$$0000000F  c_w.l(libshutdown2.o)
    0x08000212   0x08000212   0x00000002   Code   RO         3527    .ARM.Collect$$libshutdown$$00000010  c_w.l(libshutdown2.o)
    0x08000214   0x08000214   0x00000000   Code   RO         3261    .ARM.Collect$$rtentry$$00000000  c_w.l(__rtentry.o)
    0x08000214   0x08000214   0x00000000   Code   RO         3345    .ARM.Collect$$rtentry$$00000002  c_w.l(__rtentry2.o)
    0x08000214   0x08000214   0x00000006   Code   RO         3357    .ARM.Collect$$rtentry$$00000004  c_w.l(__rtentry4.o)
    0x0800021a   0x0800021a   0x00000000   Code   RO         3347    .ARM.Collect$$rtentry$$00000009  c_w.l(__rtentry2.o)
    0x0800021a   0x0800021a   0x00000004   Code   RO         3348    .ARM.Collect$$rtentry$$0000000A  c_w.l(__rtentry2.o)
    0x0800021e   0x0800021e   0x00000000   Code   RO         3350    .ARM.Collect$$rtentry$$0000000C  c_w.l(__rtentry2.o)
    0x0800021e   0x0800021e   0x00000008   Code   RO         3351    .ARM.Collect$$rtentry$$0000000D  c_w.l(__rtentry2.o)
    0x08000226   0x08000226   0x00000002   Code   RO         3470    .ARM.Collect$$rtexit$$00000000  c_w.l(rtexit.o)
    0x08000228   0x08000228   0x00000000   Code   RO         3480    .ARM.Collect$$rtexit$$00000002  c_w.l(rtexit2.o)
    0x08000228   0x08000228   0x00000004   Code   RO         3481    .ARM.Collect$$rtexit$$00000003  c_w.l(rtexit2.o)
    0x0800022c   0x0800022c   0x00000006   Code   RO         3482    .ARM.Collect$$rtexit$$00000004  c_w.l(rtexit2.o)
    0x08000232   0x08000232   0x00000002   PAD
    0x08000234   0x08000234   0x00000040   Code   RO          814    .text               startup_stm32f10x_md.o
    0x08000274   0x08000274   0x00000034   Code   RO         3182    .text               c_w.l(c89vsnprintf.o)
    0x080002a8   0x080002a8   0x0000002c   Code   RO         3184    .text               c_w.l(__2sprintf.o)
    0x080002d4   0x080002d4   0x0000004e   Code   RO         3190    .text               c_w.l(_printf_pad.o)
    0x08000322   0x08000322   0x00000002   PAD
    0x08000324   0x08000324   0x00000078   Code   RO         3192    .text               c_w.l(_printf_dec.o)
    0x0800039c   0x0800039c   0x00000188   Code   RO         3211    .text               c_w.l(__printf_flags_ss_wp.o)
    0x08000524   0x08000524   0x00000024   Code   RO         3217    .text               c_w.l(strstr.o)
    0x08000548   0x08000548   0x00000044   Code   RO         3219    .text               c_w.l(rt_memclr.o)
    0x0800058c   0x0800058c   0x00000006   Code   RO         3221    .text               c_w.l(heapauxi.o)
    0x08000592   0x08000592   0x00000024   Code   RO         3262    .text               c_w.l(_printf_truncate.o)
    0x080005b6   0x080005b6   0x00000052   Code   RO         3264    .text               c_w.l(_printf_str.o)
    0x08000608   0x08000608   0x000000b2   Code   RO         3266    .text               c_w.l(_printf_intcommon.o)
    0x080006ba   0x080006ba   0x00000028   Code   RO         3268    .text               c_w.l(_printf_charcount.o)
    0x080006e2   0x080006e2   0x0000041e   Code   RO         3270    .text               c_w.l(_printf_fp_dec.o)
    0x08000b00   0x08000b00   0x00000030   Code   RO         3272    .text               c_w.l(_printf_char_common.o)
    0x08000b30   0x08000b30   0x0000000a   Code   RO         3274    .text               c_w.l(_sputc.o)
    0x08000b3a   0x08000b3a   0x00000010   Code   RO         3276    .text               c_w.l(_snputc.o)
    0x08000b4a   0x08000b4a   0x00000002   PAD
    0x08000b4c   0x08000b4c   0x000000bc   Code   RO         3278    .text               c_w.l(_printf_wctomb.o)
    0x08000c08   0x08000c08   0x0000007c   Code   RO         3281    .text               c_w.l(_printf_longlong_dec.o)
    0x08000c84   0x08000c84   0x00000070   Code   RO         3287    .text               c_w.l(_printf_oct_int_ll.o)
    0x08000cf4   0x08000cf4   0x00000094   Code   RO         3307    .text               c_w.l(_printf_hex_int_ll_ptr.o)
    0x08000d88   0x08000d88   0x0000004e   Code   RO         3331    .text               c_w.l(rt_memclr_w.o)
    0x08000dd6   0x08000dd6   0x00000002   PAD
    0x08000dd8   0x08000dd8   0x00000008   Code   RO         3362    .text               c_w.l(rt_locale_intlibspace.o)
    0x08000de0   0x08000de0   0x0000008a   Code   RO         3364    .text               c_w.l(lludiv10.o)
    0x08000e6a   0x08000e6a   0x00000002   PAD
    0x08000e6c   0x08000e6c   0x00000080   Code   RO         3366    .text               c_w.l(_printf_fp_infnan.o)
    0x08000eec   0x08000eec   0x0000002c   Code   RO         3370    .text               c_w.l(_printf_char.o)
    0x08000f18   0x08000f18   0x0000002c   Code   RO         3372    .text               c_w.l(_printf_wchar.o)
    0x08000f44   0x08000f44   0x000000e4   Code   RO         3374    .text               c_w.l(bigflt0.o)
    0x08001028   0x08001028   0x00000040   Code   RO         3399    .text               c_w.l(_wcrtomb.o)
    0x08001068   0x08001068   0x00000008   Code   RO         3408    .text               c_w.l(libspace.o)
    0x08001070   0x08001070   0x0000004a   Code   RO         3411    .text               c_w.l(sys_stackheap_outer.o)
    0x080010ba   0x080010ba   0x00000002   PAD
    0x080010bc   0x080010bc   0x00000010   Code   RO         3413    .text               c_w.l(rt_ctype_table.o)
    0x080010cc   0x080010cc   0x00000012   Code   RO         3415    .text               c_w.l(exit.o)
    0x080010de   0x080010de   0x00000002   PAD
    0x080010e0   0x080010e0   0x00000080   Code   RO         3417    .text               c_w.l(strcmpv7m.o)
    0x08001160   0x08001160   0x0000000c   Code   RO         3492    .text               c_w.l(sys_exit.o)
    0x0800116c   0x0800116c   0x00000002   Code   RO         3503    .text               c_w.l(use_no_semi.o)
    0x0800116e   0x0800116e   0x00000000   Code   RO         3505    .text               c_w.l(indicate_semi.o)
    0x0800116e   0x0800116e   0x0000003e   Code   RO         3377    CL$$btod_d2e        c_w.l(btod.o)
    0x080011ac   0x080011ac   0x00000046   Code   RO         3379    CL$$btod_d2e_denorm_low  c_w.l(btod.o)
    0x080011f2   0x080011f2   0x00000060   Code   RO         3378    CL$$btod_d2e_norm_op1  c_w.l(btod.o)
    0x08001252   0x08001252   0x00000338   Code   RO         3387    CL$$btod_div_common  c_w.l(btod.o)
    0x0800158a   0x0800158a   0x000000dc   Code   RO         3384    CL$$btod_e2e        c_w.l(btod.o)
    0x08001666   0x08001666   0x0000002a   Code   RO         3381    CL$$btod_ediv       c_w.l(btod.o)
    0x08001690   0x08001690   0x0000002a   Code   RO         3380    CL$$btod_emul       c_w.l(btod.o)
    0x080016ba   0x080016ba   0x00000244   Code   RO         3386    CL$$btod_mult_common  c_w.l(btod.o)
    0x080018fe   0x080018fe   0x00000002   PAD
    0x08001900   0x08001900   0x00000090   Code   RO            1    i.Alarm_function    main.o
    0x08001990   0x08001990   0x00000188   Code   RO            2    i.Bluetooth_Run     main.o
    0x08001b18   0x08001b18   0x00000004   Code   RO          170    i.BusFault_Handler  stm32f10x_it.o
    0x08001b1c   0x08001b1c   0x00000084   Code   RO          305    i.Chiclet_Keyboard_Scan  key.o
    0x08001ba0   0x08001ba0   0x00000054   Code   RO          429    i.DS18B20_Check     ds18b20.o
    0x08001bf4   0x08001bf4   0x0000002c   Code   RO          430    i.DS18B20_GPIO_IN   ds18b20.o
    0x08001c20   0x08001c20   0x0000002c   Code   RO          431    i.DS18B20_GPIO_OUT  ds18b20.o
    0x08001c4c   0x08001c4c   0x0000008c   Code   RO          432    i.DS18B20_Get_Temp  ds18b20.o
    0x08001cd8   0x08001cd8   0x00000040   Code   RO          433    i.DS18B20_Init      ds18b20.o
    0x08001d18   0x08001d18   0x0000002c   Code   RO          434    i.DS18B20_RST       ds18b20.o
    0x08001d44   0x08001d44   0x0000004c   Code   RO          435    i.DS18B20_Read_Bit  ds18b20.o
    0x08001d90   0x08001d90   0x00000022   Code   RO          436    i.DS18B20_Read_Byte  ds18b20.o
    0x08001db2   0x08001db2   0x00000018   Code   RO          437    i.DS18B20_Start     ds18b20.o
    0x08001dca   0x08001dca   0x00000002   PAD
    0x08001dcc   0x08001dcc   0x0000005c   Code   RO          438    i.DS18B20_Write_Byte  ds18b20.o
    0x08001e28   0x08001e28   0x00000002   Code   RO          171    i.DebugMon_Handler  stm32f10x_it.o
    0x08001e2a   0x08001e2a   0x00000002   PAD
    0x08001e2c   0x08001e2c   0x00000044   Code   RO          666    i.Delay_Init        delay.o
    0x08001e70   0x08001e70   0x0000004c   Code   RO          667    i.Delay_ms          delay.o
    0x08001ebc   0x08001ebc   0x0000004c   Code   RO          668    i.Delay_us          delay.o
    0x08001f08   0x08001f08   0x00000518   Code   RO            3    i.Display_function  main.o
    0x08002420   0x08002420   0x00000116   Code   RO         1310    i.GPIO_Init         stm32f10x_gpio.o
    0x08002536   0x08002536   0x00000002   PAD
    0x08002538   0x08002538   0x00000090   Code   RO         1312    i.GPIO_PinRemapConfig  stm32f10x_gpio.o
    0x080025c8   0x080025c8   0x00000012   Code   RO         1314    i.GPIO_ReadInputDataBit  stm32f10x_gpio.o
    0x080025da   0x080025da   0x00000004   Code   RO         1317    i.GPIO_ResetBits    stm32f10x_gpio.o
    0x080025de   0x080025de   0x00000004   Code   RO         1318    i.GPIO_SetBits      stm32f10x_gpio.o
    0x080025e2   0x080025e2   0x00000002   PAD
    0x080025e4   0x080025e4   0x00000088   Code   RO          293    i.Gpio_Init         gpio.o
    0x0800266c   0x0800266c   0x00000004   Code   RO          172    i.HardFault_Handler  stm32f10x_it.o
    0x08002670   0x08002670   0x0000007c   Code   RO          306    i.Key_Init          key.o
    0x080026ec   0x080026ec   0x000001d8   Code   RO            4    i.Key_function      main.o
    0x080028c4   0x080028c4   0x00000074   Code   RO          534    i.MAX30102_GPIO_IN  max30102.o
    0x08002938   0x08002938   0x00000074   Code   RO          535    i.MAX30102_GPIO_OUT  max30102.o
    0x080029ac   0x080029ac   0x00000038   Code   RO          536    i.MAX30102_IIC_Ack  max30102.o
    0x080029e4   0x080029e4   0x00000038   Code   RO          537    i.MAX30102_IIC_NAck  max30102.o
    0x08002a1c   0x08002a1c   0x00000058   Code   RO          538    i.MAX30102_IIC_Read_Byte  max30102.o
    0x08002a74   0x08002a74   0x00000050   Code   RO          539    i.MAX30102_IIC_Send_Byte  max30102.o
    0x08002ac4   0x08002ac4   0x00000038   Code   RO          540    i.MAX30102_IIC_Start  max30102.o
    0x08002afc   0x08002afc   0x00000034   Code   RO          541    i.MAX30102_IIC_Stop  max30102.o
    0x08002b30   0x08002b30   0x0000004c   Code   RO          542    i.MAX30102_IIC_Wait_Ack  max30102.o
    0x08002b7c   0x08002b7c   0x0000003c   Code   RO          543    i.MAX30102_ReadOneByte  max30102.o
    0x08002bb8   0x08002bb8   0x00000062   Code   RO          544    i.MAX30102_ReadSixByte  max30102.o
    0x08002c1a   0x08002c1a   0x00000034   Code   RO          545    i.MAX30102_WriteOneByte  max30102.o
    0x08002c4e   0x08002c4e   0x00000004   Code   RO          173    i.MemManage_Handler  stm32f10x_it.o
    0x08002c52   0x08002c52   0x00000002   PAD
    0x08002c54   0x08002c54   0x000004c0   Code   RO            5    i.Monitor_function  main.o
    0x08003114   0x08003114   0x00000002   Code   RO          174    i.NMI_Handler       stm32f10x_it.o
    0x08003116   0x08003116   0x00000002   PAD
    0x08003118   0x08003118   0x00000070   Code   RO          818    i.NVIC_Init         misc.o
    0x08003188   0x08003188   0x00000014   Code   RO          819    i.NVIC_PriorityGroupConfig  misc.o
    0x0800319c   0x0800319c   0x00000038   Code   RO          324    i.Oled_Clear_All    oled.o
    0x080031d4   0x080031d4   0x0000000c   Code   RO          325    i.Oled_Delay        oled.o
    0x080031e0   0x080031e0   0x0000003c   Code   RO          326    i.Oled_IIC_Start    oled.o
    0x0800321c   0x0800321c   0x0000002c   Code   RO          327    i.Oled_IIC_Stop     oled.o
    0x08003248   0x08003248   0x000000f4   Code   RO          328    i.Oled_Init         oled.o
    0x0800333c   0x0800333c   0x00000028   Code   RO          329    i.Oled_Set_Pos      oled.o
    0x08003364   0x08003364   0x000000b8   Code   RO          330    i.Oled_ShowCHinese  oled.o
    0x0800341c   0x0800341c   0x0000005c   Code   RO          331    i.Oled_ShowChar     oled.o
    0x08003478   0x08003478   0x0000003e   Code   RO          332    i.Oled_ShowString   oled.o
    0x080034b6   0x080034b6   0x00000002   PAD
    0x080034b8   0x080034b8   0x00000088   Code   RO          333    i.Oled_Write_IIC_Byte  oled.o
    0x08003540   0x08003540   0x00000020   Code   RO          334    i.Oled_Write_IIC_Com  oled.o
    0x08003560   0x08003560   0x00000020   Code   RO          335    i.Oled_Write_IIC_Dat  oled.o
    0x08003580   0x08003580   0x00000002   Code   RO          175    i.PendSV_Handler    stm32f10x_it.o
    0x08003582   0x08003582   0x00000002   PAD
    0x08003584   0x08003584   0x00000020   Code   RO         1624    i.RCC_APB1PeriphClockCmd  stm32f10x_rcc.o
    0x080035a4   0x080035a4   0x00000020   Code   RO         1626    i.RCC_APB2PeriphClockCmd  stm32f10x_rcc.o
    0x080035c4   0x080035c4   0x000000d4   Code   RO         1634    i.RCC_GetClocksFreq  stm32f10x_rcc.o
    0x08003698   0x08003698   0x00000002   Code   RO          176    i.SVC_Handler       stm32f10x_it.o
    0x0800369a   0x0800369a   0x00000008   Code   RO          259    i.SetSysClock       system_stm32f10x.o
    0x080036a2   0x080036a2   0x00000002   PAD
    0x080036a4   0x080036a4   0x000000e0   Code   RO          260    i.SetSysClockTo72   system_stm32f10x.o
    0x08003784   0x08003784   0x00000028   Code   RO          822    i.SysTick_CLKSourceConfig  misc.o
    0x080037ac   0x080037ac   0x00000002   Code   RO          177    i.SysTick_Handler   stm32f10x_it.o
    0x080037ae   0x080037ae   0x00000002   PAD
    0x080037b0   0x080037b0   0x00000060   Code   RO          262    i.SystemInit        system_stm32f10x.o
    0x08003810   0x08003810   0x000000cc   Code   RO          408    i.TIM2_IRQHandler   timer.o
    0x080038dc   0x080038dc   0x0000005c   Code   RO          409    i.TIM2_Init         timer.o
    0x08003938   0x08003938   0x00000006   Code   RO         2109    i.TIM_ClearITPendingBit  stm32f10x_tim.o
    0x0800393e   0x0800393e   0x00000018   Code   RO         2114    i.TIM_Cmd           stm32f10x_tim.o
    0x08003956   0x08003956   0x00000022   Code   RO         2135    i.TIM_GetITStatus   stm32f10x_tim.o
    0x08003978   0x08003978   0x00000012   Code   RO         2139    i.TIM_ITConfig      stm32f10x_tim.o
    0x0800398a   0x0800398a   0x00000002   PAD
    0x0800398c   0x0800398c   0x000000a4   Code   RO         2185    i.TIM_TimeBaseInit  stm32f10x_tim.o
    0x08003a30   0x08003a30   0x0000001c   Code   RO          721    i.USART1_Clear      usart.o
    0x08003a4c   0x08003a4c   0x0000004c   Code   RO          722    i.USART1_IRQHandler  usart.o
    0x08003a98   0x08003a98   0x00000034   Code   RO          723    i.USART1_WaitRecive  usart.o
    0x08003acc   0x08003acc   0x0000004c   Code   RO          725    i.USART2_IRQHandler  usart.o
    0x08003b18   0x08003b18   0x00000012   Code   RO         2646    i.USART_ClearFlag   stm32f10x_usart.o
    0x08003b2a   0x08003b2a   0x00000018   Code   RO         2650    i.USART_Cmd         stm32f10x_usart.o
    0x08003b42   0x08003b42   0x0000001a   Code   RO         2653    i.USART_GetFlagStatus  stm32f10x_usart.o
    0x08003b5c   0x08003b5c   0x00000054   Code   RO         2654    i.USART_GetITStatus  stm32f10x_usart.o
    0x08003bb0   0x08003bb0   0x0000004a   Code   RO         2656    i.USART_ITConfig    stm32f10x_usart.o
    0x08003bfa   0x08003bfa   0x00000002   PAD
    0x08003bfc   0x08003bfc   0x000000d8   Code   RO         2657    i.USART_Init        stm32f10x_usart.o
    0x08003cd4   0x08003cd4   0x00000008   Code   RO         2667    i.USART_SendData    stm32f10x_usart.o
    0x08003cdc   0x08003cdc   0x00000004   Code   RO          178    i.UsageFault_Handler  stm32f10x_it.o
    0x08003ce0   0x08003ce0   0x000000b0   Code   RO          727    i.Usart1_Init       usart.o
    0x08003d90   0x08003d90   0x00000048   Code   RO          729    i.UsartPrintf       usart.o
    0x08003dd8   0x08003dd8   0x00000028   Code   RO         3406    i.__ARM_fpclassify  m_ws.l(fpclassify.o)
    0x08003e00   0x08003e00   0x0000000e   Code   RO         3204    i._is_digit         c_w.l(__printf_wp.o)
    0x08003e0e   0x08003e0e   0x00000002   PAD
    0x08003e10   0x08003e10   0x000001fc   Code   RO          546    i.compute_hr_and_spo2  max30102.o
    0x0800400c   0x0800400c   0x00000010   Code   RO          547    i.get_real_heart_rate  max30102.o
    0x0800401c   0x0800401c   0x00000010   Code   RO          548    i.get_real_spo2     max30102.o
    0x0800402c   0x0800402c   0x00000098   Code   RO            6    i.main              main.o
    0x080040c4   0x080040c4   0x0000001a   Code   RO          549    i.max30102_fifo_pending  max30102.o
    0x080040de   0x080040de   0x0000006e   Code   RO          552    i.max30102_init     max30102.o
    0x0800414c   0x0800414c   0x00000044   Code   RO          553    i.max30102_read_one_sample  max30102.o
    0x08004190   0x08004190   0x00000098   Code   RO          554    i.max30102_update   max30102.o
    0x08004228   0x08004228   0x0000002c   Code   RO         3402    locale$$code        c_w.l(lc_numeric_c.o)
    0x08004254   0x08004254   0x0000002c   Code   RO         3473    locale$$code        c_w.l(lc_ctype_c.o)
    0x08004280   0x08004280   0x0000005e   Code   RO         3225    x$fpl$dfix          fz_ws.l(dfix.o)
    0x080042de   0x080042de   0x00000002   PAD
    0x080042e0   0x080042e0   0x00000154   Code   RO         3229    x$fpl$dmul          fz_ws.l(dmul.o)
    0x08004434   0x08004434   0x0000009c   Code   RO         3333    x$fpl$dnaninf       fz_ws.l(dnaninf.o)
    0x080044d0   0x080044d0   0x0000000c   Code   RO         3335    x$fpl$dretinf       fz_ws.l(dretinf.o)
    0x080044dc   0x080044dc   0x00000056   Code   RO         3231    x$fpl$f2d           fz_ws.l(f2d.o)
    0x08004532   0x08004532   0x00000002   PAD
    0x08004534   0x08004534   0x000000c4   Code   RO         3233    x$fpl$fadd          fz_ws.l(faddsub_clz.o)
    0x080045f8   0x080045f8   0x00000018   Code   RO         3337    x$fpl$fcmpinf       fz_ws.l(fcmpi.o)
    0x08004610   0x08004610   0x00000184   Code   RO         3240    x$fpl$fdiv          fz_ws.l(fdiv.o)
    0x08004794   0x08004794   0x0000003e   Code   RO         3243    x$fpl$ffixu         fz_ws.l(ffixu.o)
    0x080047d2   0x080047d2   0x00000002   PAD
    0x080047d4   0x080047d4   0x00000030   Code   RO         3248    x$fpl$fflt          fz_ws.l(fflt_clz.o)
    0x08004804   0x08004804   0x00000026   Code   RO         3247    x$fpl$ffltu         fz_ws.l(fflt_clz.o)
    0x0800482a   0x0800482a   0x00000002   PAD
    0x0800482c   0x0800482c   0x00000068   Code   RO         3253    x$fpl$fleqf         fz_ws.l(fleqf.o)
    0x08004894   0x08004894   0x00000102   Code   RO         3255    x$fpl$fmul          fz_ws.l(fmul.o)
    0x08004996   0x08004996   0x0000008c   Code   RO         3339    x$fpl$fnaninf       fz_ws.l(fnaninf.o)
    0x08004a22   0x08004a22   0x0000000a   Code   RO         3341    x$fpl$fretinf       fz_ws.l(fretinf.o)
    0x08004a2c   0x08004a2c   0x00000062   Code   RO         3257    x$fpl$frleqf        fz_ws.l(frleqf.o)
    0x08004a8e   0x08004a8e   0x00000002   PAD
    0x08004a90   0x08004a90   0x000000ea   Code   RO         3235    x$fpl$fsub          fz_ws.l(faddsub_clz.o)
    0x08004b7a   0x08004b7a   0x00000004   Code   RO         3259    x$fpl$printf1       fz_ws.l(printf1.o)
    0x08004b7e   0x08004b7e   0x00000000   Code   RO         3343    x$fpl$usenofp       fz_ws.l(usenofp.o)
    0x08004b7e   0x08004b7e   0x00000a52   Data   RO          336    .constdata          oled.o
    0x080055d0   0x080055d0   0x00000011   Data   RO         3212    .constdata          c_w.l(__printf_flags_ss_wp.o)
    0x080055e1   0x080055e1   0x00000003   PAD
    0x080055e4   0x080055e4   0x00000008   Data   RO         3279    .constdata          c_w.l(_printf_wctomb.o)
    0x080055ec   0x080055ec   0x00000028   Data   RO         3308    .constdata          c_w.l(_printf_hex_int_ll_ptr.o)
    0x08005614   0x08005614   0x00000094   Data   RO         3375    .constdata          c_w.l(bigflt0.o)
    0x080056a8   0x080056a8   0x00000020   Data   RO         3552    Region$$Table       anon$$obj.o
    0x080056c8   0x080056c8   0x0000001c   Data   RO         3401    locale$$data        c_w.l(lc_numeric_c.o)
    0x080056e4   0x080056e4   0x00000110   Data   RO         3472    locale$$data        c_w.l(lc_ctype_c.o)


    Execution Region RW_IRAM1 (Exec base: 0x20000000, Load base: 0x080057f4, Size: 0x00000c18, Max: 0x00005000, ABSOLUTE)

    Exec Addr    Load Addr    Size         Type   Attr      Idx    E Section Name        Object

    0x20000000   0x080057f4   0x0000002b   Data   RW            8    .data               main.o
    0x2000002b   0x0800581f   0x00000001   PAD
    0x2000002c   0x08005820   0x00000014   Data   RW          263    .data               system_stm32f10x.o
    0x20000040   0x08005834   0x00000001   Data   RW          307    .data               key.o
    0x20000041   0x08005835   0x00000001   PAD
    0x20000042   0x08005836   0x0000000c   Data   RW          410    .data               timer.o
    0x2000004e   0x08005842   0x00000008   Data   RW          556    .data               max30102.o
    0x20000056   0x0800584a   0x00000004   Data   RW          669    .data               delay.o
    0x2000005a   0x0800584e   0x00000008   Data   RW          732    .data               usart.o
    0x20000062   0x08005856   0x00000014   Data   RW         1654    .data               stm32f10x_rcc.o
    0x20000076   0x0800586a   0x00000002   PAD
    0x20000078        -       0x00000020   Zero   RW            7    .bss                main.o
    0x20000098        -       0x00000320   Zero   RW          555    .bss                max30102.o
    0x200003b8        -       0x00000200   Zero   RW          731    .bss                usart.o
    0x200005b8        -       0x00000060   Zero   RW         3409    .bss                c_w.l(libspace.o)
    0x20000618        -       0x00000200   Zero   RW          812    HEAP                startup_stm32f10x_md.o
    0x20000818        -       0x00000400   Zero   RW          811    STACK               startup_stm32f10x_md.o


==============================================================================

Image component sizes


      Code (inc. data)   RO Data    RW Data    ZI Data      Debug   Object Name

       220         26          0          4          0       1719   delay.o
       646         50          0          0          0       5713   ds18b20.o
       136         10          0          0          0        544   gpio.o
       256         14          0          1          0       1215   key.o
      3680        958          0         43         32     257493   main.o
      1802        158          0          8        800      12923   max30102.o
       172         22          0          0          0       2049   misc.o
       994         46       2642          0          0       7593   oled.o
        64         26        236          0       1536        788   startup_stm32f10x_md.o
       448          6          0          0          0       4482   stm32f10x_gpio.o
        26          0          0          0          0       3698   stm32f10x_it.o
       276         32          0         20          0       4430   stm32f10x_rcc.o
       246         42          0          0          0       3538   stm32f10x_tim.o
       450          6          0          0          0       6155   stm32f10x_usart.o
         0          0          0          0          0         32   sys.o
       328         28          0         20          0       2073   system_stm32f10x.o
       296         36          0         12          0       1711   timer.o
       480         56          0          8        512       4869   usart.o

    ----------------------------------------------------------------------
     10544       1516       2910        120       2880     321025   Object Totals
         0          0         32          0          0          0   (incl. Generated)
        24          0          0          4          0          0   (incl. Padding)

    ----------------------------------------------------------------------

      Code (inc. data)   RO Data    RW Data    ZI Data      Debug   Library Member Name

        44          6          0          0          0         84   __2sprintf.o
         8          0          0          0          0         68   __main.o
       392          4         17          0          0         92   __printf_flags_ss_wp.o
        14          0          0          0          0         68   __printf_wp.o
         0          0          0          0          0          0   __rtentry.o
        12          0          0          0          0          0   __rtentry2.o
         6          0          0          0          0          0   __rtentry4.o
        52          8          0          0          0          0   __scatter.o
        26          0          0          0          0          0   __scatter_copy.o
        28          0          0          0          0          0   __scatter_zi.o
         6          0          0          0          0          0   _printf_a.o
         6          0          0          0          0          0   _printf_c.o
        44          0          0          0          0        108   _printf_char.o
        48          6          0          0          0         96   _printf_char_common.o
        40          0          0          0          0         68   _printf_charcount.o
         6          0          0          0          0          0   _printf_d.o
       120         16          0          0          0         92   _printf_dec.o
         6          0          0          0          0          0   _printf_e.o
         6          0          0          0          0          0   _printf_f.o
      1054          0          0          0          0        216   _printf_fp_dec.o
       128         16          0          0          0         84   _printf_fp_infnan.o
         6          0          0          0          0          0   _printf_g.o
       148          4         40          0          0        160   _printf_hex_int_ll_ptr.o
         6          0          0          0          0          0   _printf_i.o
       178          0          0          0          0         88   _printf_intcommon.o
        10          0          0          0          0          0   _printf_l.o
         6          0          0          0          0          0   _printf_lc.o
        10          0          0          0          0          0   _printf_ll.o
         6          0          0          0          0          0   _printf_lld.o
         6          0          0          0          0          0   _printf_lli.o
         6          0          0          0          0          0   _printf_llo.o
         6          0          0          0          0          0   _printf_llu.o
         6          0          0          0          0          0   _printf_llx.o
       124         16          0          0          0         92   _printf_longlong_dec.o
         6          0          0          0          0          0   _printf_ls.o
         6          0          0          0          0          0   _printf_n.o
         6          0          0          0          0          0   _printf_o.o
       112         10          0          0          0        124   _printf_oct_int_ll.o
         6          0          0          0          0          0   _printf_p.o
        78          0          0          0          0        108   _printf_pad.o
         0          0          0          0          0          0   _printf_percent.o
         4          0          0          0          0          0   _printf_percent_end.o
         6          0          0          0          0          0   _printf_s.o
        82          0          0          0          0         80   _printf_str.o
        36          0          0          0          0         84   _printf_truncate.o
         6          0          0          0          0          0   _printf_u.o
        44          0          0          0          0        108   _printf_wchar.o
       188          6          8          0          0         92   _printf_wctomb.o
         6          0          0          0          0          0   _printf_x.o
        16          0          0          0          0         68   _snputc.o
        10          0          0          0          0         68   _sputc.o
        64          0          0          0          0         92   _wcrtomb.o
       228          4        148          0          0         96   bigflt0.o
      1936        128          0          0          0        672   btod.o
        52          4          0          0          0         80   c89vsnprintf.o
        18          0          0          0          0         80   exit.o
         6          0          0          0          0        152   heapauxi.o
         0          0          0          0          0          0   indicate_semi.o
        44         10        272          0          0         76   lc_ctype_c.o
        44         10         28          0          0         76   lc_numeric_c.o
         2          0          0          0          0          0   libinit.o
        30          0          0          0          0          0   libinit2.o
         2          0          0          0          0          0   libshutdown.o
         2          0          0          0          0          0   libshutdown2.o
         8          4          0          0         96         68   libspace.o
       138          0          0          0          0         80   lludiv10.o
        16          4          0          0          0         76   rt_ctype_table.o
         8          4          0          0          0         68   rt_locale_intlibspace.o
        68          0          0          0          0         68   rt_memclr.o
        78          0          0          0          0         80   rt_memclr_w.o
         2          0          0          0          0          0   rtexit.o
        10          0          0          0          0          0   rtexit2.o
       128          0          0          0          0         68   strcmpv7m.o
        36          0          0          0          0         80   strstr.o
        12          4          0          0          0         68   sys_exit.o
        74          0          0          0          0         80   sys_stackheap_outer.o
         2          0          0          0          0         68   use_no_semi.o
        94          4          0          0          0         92   dfix.o
       340         12          0          0          0        104   dmul.o
       156          4          0          0          0         92   dnaninf.o
        12          0          0          0          0         68   dretinf.o
        86          4          0          0          0         84   f2d.o
       430          8          0          0          0        168   faddsub_clz.o
        24          0          0          0          0         68   fcmpi.o
       388         76          0          0          0         96   fdiv.o
        62          4          0          0          0         84   ffixu.o
        86          0          0          0          0        136   fflt_clz.o
       104          4          0          0          0         84   fleqf.o
       258          4          0          0          0         84   fmul.o
       140          4          0          0          0         84   fnaninf.o
        10          0          0          0          0         68   fretinf.o
        98          0          0          0          0         68   frleqf.o
         4          0          0          0          0         68   printf1.o
         0          0          0          0          0          0   usenofp.o
        40          0          0          0          0         68   fpclassify.o

    ----------------------------------------------------------------------
      8546        388        516          0         96       5692   Library Totals
        30          0          3          0          0          0   (incl. Padding)

    ----------------------------------------------------------------------

      Code (inc. data)   RO Data    RW Data    ZI Data      Debug   Library Name

      6184        264        513          0         96       4176   c_w.l
      2292        124          0          0          0       1448   fz_ws.l
        40          0          0          0          0         68   m_ws.l

    ----------------------------------------------------------------------
      8546        388        516          0         96       5692   Library Totals

    ----------------------------------------------------------------------

==============================================================================


      Code (inc. data)   RO Data    RW Data    ZI Data      Debug   

     19090       1904       3426        120       2976     318653   Grand Totals
     19090       1904       3426        120       2976     318653   ELF Image Totals
     19090       1904       3426        120          0          0   ROM Totals

==============================================================================

    Total RO  Size (Code + RO Data)                22516 (  21.99kB)
    Total RW  Size (RW Data + ZI Data)              3096 (   3.02kB)
    Total ROM Size (Code + RO Data + RW Data)      22636 (  22.11kB)

==============================================================================

